Java HotSpot(TM) 64-Bit Server VM (25.221-b11) for bsd-amd64 JRE (1.8.0_221-b11), built on Jul  4 2019 04:36:22 by "java_re" with gcc 4.2.1 (Based on Apple Inc. build 5658) (LLVM build 2336.11.00)
Memory: 4k page, physical 33554432k(166432k free)

/proc/meminfo:

CommandLine flags: -XX:InitialHeapSize=134217728 -XX:MaxHeapSize=134217728 -XX:MaxNewSize=44740608 -XX:MaxTenuringThreshold=6 -XX:NewSize=44740608 -XX:OldPLABSize=16 -XX:OldSize=89477120 -XX:+PrintGC -XX:+PrintGCDateStamps -XX:+PrintGCDetails -XX:+PrintGCTimeStamps -XX:+UseCompressedClassPointers -XX:+UseCompressedOops -XX:+UseConcMarkSweepGC -XX:+UseParNewGC 
2020-10-27T17:44:04.092-0800: 0.082: [GC (Allocation Failure) 2020-10-27T17:44:04.092-0800: 0.082: [ParNew: 34944K->4348K(39296K), 0.0046210 secs] 34944K->13264K(126720K), 0.0047382 secs] [Times: user=0.02 sys=0.02, real=0.00 secs] 
2020-10-27T17:44:04.104-0800: 0.095: [GC (Allocation Failure) 2020-10-27T17:44:04.104-0800: 0.095: [ParNew: 39043K->4352K(39296K), 0.0051500 secs] 47960K->23329K(126720K), 0.0052312 secs] [Times: user=0.01 sys=0.02, real=0.00 secs] 
2020-10-27T17:44:04.115-0800: 0.105: [GC (Allocation Failure) 2020-10-27T17:44:04.115-0800: 0.105: [ParNew: 39296K->4346K(39296K), 0.0074855 secs] 58273K->37805K(126720K), 0.0075663 secs] [Times: user=0.08 sys=0.00, real=0.01 secs] 
2020-10-27T17:44:04.127-0800: 0.117: [GC (Allocation Failure) 2020-10-27T17:44:04.127-0800: 0.117: [ParNew: 39229K->4349K(39296K), 0.0054708 secs] 72689K->48199K(126720K), 0.0055472 secs] [Times: user=0.05 sys=0.01, real=0.01 secs] 
2020-10-27T17:44:04.132-0800: 0.123: [GC (CMS Initial Mark) [1 CMS-initial-mark: 43849K(87424K)] 48708K(126720K), 0.0001923 secs] [Times: user=0.00 sys=0.00, real=0.00 secs] 
2020-10-27T17:44:04.132-0800: 0.123: [CMS-concurrent-mark-start]
2020-10-27T17:44:04.133-0800: 0.123: [CMS-concurrent-mark: 0.000/0.000 secs] [Times: user=0.00 sys=0.00, real=0.00 secs] 
2020-10-27T17:44:04.133-0800: 0.123: [CMS-concurrent-preclean-start]
2020-10-27T17:44:04.133-0800: 0.124: [CMS-concurrent-preclean: 0.000/0.000 secs] [Times: user=0.00 sys=0.00, real=0.00 secs] 
2020-10-27T17:44:04.133-0800: 0.124: [CMS-concurrent-abortable-preclean-start]
2020-10-27T17:44:04.137-0800: 0.127: [GC (Allocation Failure) 2020-10-27T17:44:04.137-0800: 0.127: [ParNew: 39292K->4350K(39296K), 0.0061967 secs] 83142K->60044K(126720K), 0.0062633 secs] [Times: user=0.06 sys=0.00, real=0.01 secs] 
2020-10-27T17:44:04.148-0800: 0.138: [GC (Allocation Failure) 2020-10-27T17:44:04.148-0800: 0.138: [ParNew: 39077K->4350K(39296K), 0.0049467 secs] 94771K->69359K(126720K), 0.0050229 secs] [Times: user=0.04 sys=0.01, real=0.01 secs] 
2020-10-27T17:44:04.157-0800: 0.148: [GC (Allocation Failure) 2020-10-27T17:44:04.157-0800: 0.148: [ParNew: 39215K->4350K(39296K), 0.0062815 secs] 104225K->81071K(126720K), 0.0063612 secs] [Times: user=0.06 sys=0.00, real=0.01 secs] 
2020-10-27T17:44:04.168-0800: 0.159: [GC (Allocation Failure) 2020-10-27T17:44:04.168-0800: 0.159: [ParNew: 39255K->39255K(39296K), 0.0000200 secs]2020-10-27T17:44:04.168-0800: 0.159: [CMS2020-10-27T17:44:04.168-0800: 0.159: [CMS-concurrent-abortable-preclean: 0.001/0.035 secs] [Times: user=0.17 sys=0.01, real=0.03 secs] 
 (concurrent mode failure): 76720K->84493K(87424K), 0.0162497 secs] 115975K->84493K(126720K), [Metaspace: 2717K->2717K(1056768K)], 0.0163634 secs] [Times: user=0.02 sys=0.00, real=0.02 secs] 
2020-10-27T17:44:04.189-0800: 0.180: [GC (Allocation Failure) 2020-10-27T17:44:04.189-0800: 0.180: [ParNew: 34871K->34871K(39296K), 0.0000210 secs]2020-10-27T17:44:04.189-0800: 0.180: [CMS: 84493K->87246K(87424K), 0.0125293 secs] 119365K->96389K(126720K), [Metaspace: 2717K->2717K(1056768K)], 0.0126471 secs] [Times: user=0.02 sys=0.00, real=0.02 secs] 
2020-10-27T17:44:04.202-0800: 0.192: [GC (CMS Initial Mark) [1 CMS-initial-mark: 87246K(87424K)] 97714K(126720K), 0.0002578 secs] [Times: user=0.00 sys=0.00, real=0.00 secs] 
2020-10-27T17:44:04.202-0800: 0.193: [CMS-concurrent-mark-start]
2020-10-27T17:44:04.203-0800: 0.193: [CMS-concurrent-mark: 0.000/0.000 secs] [Times: user=0.00 sys=0.00, real=0.00 secs] 
2020-10-27T17:44:04.203-0800: 0.193: [CMS-concurrent-preclean-start]
2020-10-27T17:44:04.203-0800: 0.194: [CMS-concurrent-preclean: 0.001/0.001 secs] [Times: user=0.00 sys=0.00, real=0.00 secs] 
2020-10-27T17:44:04.203-0800: 0.194: [CMS-concurrent-abortable-preclean-start]
2020-10-27T17:44:04.203-0800: 0.194: [CMS-concurrent-abortable-preclean: 0.000/0.000 secs] [Times: user=0.00 sys=0.00, real=0.00 secs] 
2020-10-27T17:44:04.203-0800: 0.194: [GC (CMS Final Remark) [YG occupancy: 19543 K (39296 K)]2020-10-27T17:44:04.203-0800: 0.194: [Rescan (parallel) , 0.0002203 secs]2020-10-27T17:44:04.203-0800: 0.194: [weak refs processing, 0.0000181 secs]2020-10-27T17:44:04.203-0800: 0.194: [class unloading, 0.0001787 secs]2020-10-27T17:44:04.204-0800: 0.194: [scrub symbol table, 0.0002788 secs]2020-10-27T17:44:04.204-0800: 0.194: [scrub string table, 0.0001868 secs][1 CMS-remark: 87246K(87424K)] 106790K(126720K), 0.0009492 secs] [Times: user=0.00 sys=0.00, real=0.00 secs] 
2020-10-27T17:44:04.204-0800: 0.195: [CMS-concurrent-sweep-start]
2020-10-27T17:44:04.204-0800: 0.195: [CMS-concurrent-sweep: 0.000/0.000 secs] [Times: user=0.00 sys=0.00, real=0.00 secs] 
2020-10-27T17:44:04.204-0800: 0.195: [CMS-concurrent-reset-start]
2020-10-27T17:44:04.204-0800: 0.195: [CMS-concurrent-reset: 0.000/0.000 secs] [Times: user=0.00 sys=0.00, real=0.00 secs] 
2020-10-27T17:44:04.208-0800: 0.199: [GC (Allocation Failure) 2020-10-27T17:44:04.208-0800: 0.199: [ParNew: 39226K->39226K(39296K), 0.0000183 secs]2020-10-27T17:44:04.208-0800: 0.199: [CMS: 87246K->87136K(87424K), 0.0115218 secs] 126473K->105308K(126720K), [Metaspace: 2717K->2717K(1056768K)], 0.0116132 secs] [Times: user=0.02 sys=0.00, real=0.02 secs] 
2020-10-27T17:44:04.220-0800: 0.211: [GC (CMS Initial Mark) [1 CMS-initial-mark: 87136K(87424K)] 106049K(126720K), 0.0002362 secs] [Times: user=0.00 sys=0.00, real=0.00 secs] 
2020-10-27T17:44:04.220-0800: 0.211: [CMS-concurrent-mark-start]
2020-10-27T17:44:04.221-0800: 0.211: [CMS-concurrent-mark: 0.000/0.000 secs] [Times: user=0.00 sys=0.00, real=0.00 secs] 
2020-10-27T17:44:04.221-0800: 0.211: [CMS-concurrent-preclean-start]
2020-10-27T17:44:04.221-0800: 0.212: [CMS-concurrent-preclean: 0.001/0.001 secs] [Times: user=0.00 sys=0.00, real=0.00 secs] 
2020-10-27T17:44:04.221-0800: 0.212: [CMS-concurrent-abortable-preclean-start]
2020-10-27T17:44:04.221-0800: 0.212: [CMS-concurrent-abortable-preclean: 0.000/0.000 secs] [Times: user=0.00 sys=0.00, real=0.00 secs] 
2020-10-27T17:44:04.221-0800: 0.212: [GC (CMS Final Remark) [YG occupancy: 27637 K (39296 K)]2020-10-27T17:44:04.221-0800: 0.212: [Rescan (parallel) , 0.0002263 secs]2020-10-27T17:44:04.222-0800: 0.212: [weak refs processing, 0.0000167 secs]2020-10-27T17:44:04.222-0800: 0.212: [class unloading, 0.0001959 secs]2020-10-27T17:44:04.222-0800: 0.212: [scrub symbol table, 0.0002841 secs]2020-10-27T17:44:04.222-0800: 0.213: [scrub string table, 0.0001921 secs][1 CMS-remark: 87136K(87424K)] 114773K(126720K), 0.0009848 secs] [Times: user=0.00 sys=0.00, real=0.00 secs] 
2020-10-27T17:44:04.223-0800: 0.213: [CMS-concurrent-sweep-start]
2020-10-27T17:44:04.223-0800: 0.213: [CMS-concurrent-sweep: 0.000/0.000 secs] [Times: user=0.00 sys=0.00, real=0.00 secs] 
2020-10-27T17:44:04.223-0800: 0.213: [CMS-concurrent-reset-start]
2020-10-27T17:44:04.223-0800: 0.213: [CMS-concurrent-reset: 0.000/0.000 secs] [Times: user=0.00 sys=0.00, real=0.00 secs] 
2020-10-27T17:44:04.224-0800: 0.215: [GC (Allocation Failure) 2020-10-27T17:44:04.224-0800: 0.215: [ParNew: 39176K->39176K(39296K), 0.0000172 secs]2020-10-27T17:44:04.224-0800: 0.215: [CMS: 87136K->87078K(87424K), 0.0115785 secs] 126312K->111766K(126720K), [Metaspace: 2717K->2717K(1056768K)], 0.0116666 secs] [Times: user=0.01 sys=0.00, real=0.01 secs] 
2020-10-27T17:44:04.236-0800: 0.227: [GC (CMS Initial Mark) [1 CMS-initial-mark: 87078K(87424K)] 112672K(126720K), 0.0002386 secs] [Times: user=0.00 sys=0.00, real=0.00 secs] 
2020-10-27T17:44:04.237-0800: 0.227: [CMS-concurrent-mark-start]
2020-10-27T17:44:04.237-0800: 0.228: [CMS-concurrent-mark: 0.000/0.000 secs] [Times: user=0.01 sys=0.00, real=0.00 secs] 
2020-10-27T17:44:04.237-0800: 0.228: [CMS-concurrent-preclean-start]
2020-10-27T17:44:04.238-0800: 0.228: [CMS-concurrent-preclean: 0.001/0.001 secs] [Times: user=0.00 sys=0.00, real=0.00 secs] 
2020-10-27T17:44:04.238-0800: 0.228: [CMS-concurrent-abortable-preclean-start]
2020-10-27T17:44:04.238-0800: 0.228: [CMS-concurrent-abortable-preclean: 0.000/0.000 secs] [Times: user=0.00 sys=0.00, real=0.00 secs] 
2020-10-27T17:44:04.238-0800: 0.228: [GC (CMS Final Remark) [YG occupancy: 30153 K (39296 K)]2020-10-27T17:44:04.238-0800: 0.228: [Rescan (parallel) , 0.0004531 secs]2020-10-27T17:44:04.238-0800: 0.229: [weak refs processing, 0.0000169 secs]2020-10-27T17:44:04.238-0800: 0.229: [class unloading, 0.0001958 secs]2020-10-27T17:44:04.239-0800: 0.229: [scrub symbol table, 0.0003025 secs]2020-10-27T17:44:04.239-0800: 0.229: [scrub string table, 0.0002077 secs][1 CMS-remark: 87078K(87424K)] 117232K(126720K), 0.0012464 secs] [Times: user=0.00 sys=0.00, real=0.00 secs] 
2020-10-27T17:44:04.239-0800: 0.230: [CMS-concurrent-sweep-start]
2020-10-27T17:44:04.239-0800: 0.230: [CMS-concurrent-sweep: 0.000/0.000 secs] [Times: user=0.00 sys=0.00, real=0.00 secs] 
2020-10-27T17:44:04.239-0800: 0.230: [CMS-concurrent-reset-start]
2020-10-27T17:44:04.239-0800: 0.230: [CMS-concurrent-reset: 0.000/0.000 secs] [Times: user=0.00 sys=0.00, real=0.00 secs] 
2020-10-27T17:44:04.241-0800: 0.232: [GC (Allocation Failure) 2020-10-27T17:44:04.241-0800: 0.232: [ParNew: 39141K->39141K(39296K), 0.0000183 secs]2020-10-27T17:44:04.241-0800: 0.232: [CMS: 87078K->87346K(87424K), 0.0110344 secs] 126220K->114790K(126720K), [Metaspace: 2717K->2717K(1056768K)], 0.0111250 secs] [Times: user=0.01 sys=0.00, real=0.01 secs] 
2020-10-27T17:44:04.252-0800: 0.243: [GC (CMS Initial Mark) [1 CMS-initial-mark: 87346K(87424K)] 115495K(126720K), 0.0001976 secs] [Times: user=0.00 sys=0.00, real=0.00 secs] 
2020-10-27T17:44:04.253-0800: 0.243: [CMS-concurrent-mark-start]
2020-10-27T17:44:04.253-0800: 0.244: [CMS-concurrent-mark: 0.000/0.000 secs] [Times: user=0.00 sys=0.00, real=0.00 secs] 
2020-10-27T17:44:04.253-0800: 0.244: [CMS-concurrent-preclean-start]
2020-10-27T17:44:04.254-0800: 0.244: [CMS-concurrent-preclean: 0.001/0.001 secs] [Times: user=0.01 sys=0.00, real=0.00 secs] 
2020-10-27T17:44:04.254-0800: 0.244: [CMS-concurrent-abortable-preclean-start]
2020-10-27T17:44:04.254-0800: 0.244: [CMS-concurrent-abortable-preclean: 0.000/0.000 secs] [Times: user=0.00 sys=0.00, real=0.00 secs] 
2020-10-27T17:44:04.254-0800: 0.244: [GC (CMS Final Remark) [YG occupancy: 32100 K (39296 K)]2020-10-27T17:44:04.254-0800: 0.244: [Rescan (parallel) , 0.0001962 secs]2020-10-27T17:44:04.254-0800: 0.244: [weak refs processing, 0.0000192 secs]2020-10-27T17:44:04.254-0800: 0.244: [class unloading, 0.0001811 secs]2020-10-27T17:44:04.254-0800: 0.245: [scrub symbol table, 0.0002845 secs]2020-10-27T17:44:04.254-0800: 0.245: [scrub string table, 0.0001910 secs][1 CMS-remark: 87346K(87424K)] 119447K(126720K), 0.0009365 secs] [Times: user=0.00 sys=0.01, real=0.00 secs] 
2020-10-27T17:44:04.255-0800: 0.245: [CMS-concurrent-sweep-start]
2020-10-27T17:44:04.255-0800: 0.245: [CMS-concurrent-sweep: 0.000/0.000 secs] [Times: user=0.00 sys=0.00, real=0.00 secs] 
2020-10-27T17:44:04.255-0800: 0.245: [CMS-concurrent-reset-start]
2020-10-27T17:44:04.255-0800: 0.246: [CMS-concurrent-reset: 0.000/0.000 secs] [Times: user=0.00 sys=0.00, real=0.00 secs] 
2020-10-27T17:44:04.256-0800: 0.246: [GC (Allocation Failure) 2020-10-27T17:44:04.256-0800: 0.246: [ParNew: 39179K->39179K(39296K), 0.0000163 secs]2020-10-27T17:44:04.256-0800: 0.246: [CMS: 87346K->87378K(87424K), 0.0117472 secs] 126525K->117204K(126720K), [Metaspace: 2717K->2717K(1056768K)], 0.0118344 secs] [Times: user=0.01 sys=0.00, real=0.01 secs] 
2020-10-27T17:44:04.268-0800: 0.258: [GC (CMS Initial Mark) [1 CMS-initial-mark: 87378K(87424K)] 118184K(126720K), 0.0002472 secs] [Times: user=0.00 sys=0.00, real=0.00 secs] 
2020-10-27T17:44:04.268-0800: 0.259: [CMS-concurrent-mark-start]
2020-10-27T17:44:04.269-0800: 0.259: [CMS-concurrent-mark: 0.000/0.000 secs] [Times: user=0.00 sys=0.00, real=0.00 secs] 
2020-10-27T17:44:04.269-0800: 0.259: [CMS-concurrent-preclean-start]
2020-10-27T17:44:04.269-0800: 0.260: [CMS-concurrent-preclean: 0.001/0.001 secs] [Times: user=0.00 sys=0.00, real=0.00 secs] 
2020-10-27T17:44:04.269-0800: 0.260: [CMS-concurrent-abortable-preclean-start]
2020-10-27T17:44:04.269-0800: 0.260: [CMS-concurrent-abortable-preclean: 0.000/0.000 secs] [Times: user=0.00 sys=0.00, real=0.00 secs] 
2020-10-27T17:44:04.269-0800: 0.260: [GC (CMS Final Remark) [YG occupancy: 36397 K (39296 K)]2020-10-27T17:44:04.269-0800: 0.260: [Rescan (parallel) , 0.0003202 secs]2020-10-27T17:44:04.270-0800: 0.260: [weak refs processing, 0.0000179 secs]2020-10-27T17:44:04.270-0800: 0.260: [class unloading, 0.0002168 secs]2020-10-27T17:44:04.270-0800: 0.261: [scrub symbol table, 0.0003049 secs]2020-10-27T17:44:04.270-0800: 0.261: [scrub string table, 0.0002075 secs][1 CMS-remark: 87378K(87424K)] 123776K(126720K), 0.0011387 secs] [Times: user=0.01 sys=0.00, real=0.01 secs] 
2020-10-27T17:44:04.271-0800: 0.261: [CMS-concurrent-sweep-start]
2020-10-27T17:44:04.271-0800: 0.261: [CMS-concurrent-sweep: 0.000/0.000 secs] [Times: user=0.00 sys=0.00, real=0.00 secs] 
2020-10-27T17:44:04.271-0800: 0.261: [CMS-concurrent-reset-start]
2020-10-27T17:44:04.271-0800: 0.261: [CMS-concurrent-reset: 0.000/0.000 secs] [Times: user=0.00 sys=0.00, real=0.00 secs] 
2020-10-27T17:44:04.271-0800: 0.262: [GC (Allocation Failure) 2020-10-27T17:44:04.271-0800: 0.262: [ParNew: 39251K->39251K(39296K), 0.0000178 secs]2020-10-27T17:44:04.271-0800: 0.262: [CMS: 87376K->87132K(87424K), 0.0076435 secs] 126627K->118812K(126720K), [Metaspace: 2717K->2717K(1056768K)], 0.0077346 secs] [Times: user=0.01 sys=0.00, real=0.00 secs] 
2020-10-27T17:44:04.279-0800: 0.270: [GC (CMS Initial Mark) [1 CMS-initial-mark: 87132K(87424K)] 119219K(126720K), 0.0002487 secs] [Times: user=0.00 sys=0.00, real=0.01 secs] 
2020-10-27T17:44:04.280-0800: 0.270: [CMS-concurrent-mark-start]
2020-10-27T17:44:04.280-0800: 0.271: [CMS-concurrent-mark: 0.001/0.001 secs] [Times: user=0.00 sys=0.00, real=0.00 secs] 
2020-10-27T17:44:04.280-0800: 0.271: [CMS-concurrent-preclean-start]
2020-10-27T17:44:04.281-0800: 0.271: [CMS-concurrent-preclean: 0.001/0.001 secs] [Times: user=0.00 sys=0.00, real=0.00 secs] 
2020-10-27T17:44:04.281-0800: 0.271: [CMS-concurrent-abortable-preclean-start]
2020-10-27T17:44:04.281-0800: 0.271: [CMS-concurrent-abortable-preclean: 0.000/0.000 secs] [Times: user=0.00 sys=0.00, real=0.00 secs] 
2020-10-27T17:44:04.281-0800: 0.271: [GC (CMS Final Remark) [YG occupancy: 38035 K (39296 K)]2020-10-27T17:44:04.281-0800: 0.271: [Rescan (parallel) , 0.0004630 secs]2020-10-27T17:44:04.281-0800: 0.272: [weak refs processing, 0.0000180 secs]2020-10-27T17:44:04.281-0800: 0.272: [class unloading, 0.0001971 secs]2020-10-27T17:44:04.282-0800: 0.272: [scrub symbol table, 0.0003115 secs]2020-10-27T17:44:04.282-0800: 0.273: [scrub string table, 0.0002139 secs][1 CMS-remark: 87132K(87424K)] 125168K(126720K), 0.0012819 secs] [Times: user=0.00 sys=0.00, real=0.00 secs] 
2020-10-27T17:44:04.282-0800: 0.273: [CMS-concurrent-sweep-start]
2020-10-27T17:44:04.282-0800: 0.273: [Full GC (Allocation Failure) 2020-10-27T17:44:04.282-0800: 0.273: [CMS2020-10-27T17:44:04.283-0800: 0.273: [CMS-concurrent-sweep: 0.000/0.000 secs] [Times: user=0.00 sys=0.00, real=0.00 secs] 
 (concurrent mode failure): 87132K->87293K(87424K), 0.0193336 secs] 125962K->121314K(126720K), [Metaspace: 2717K->2717K(1056768K)], 0.0193999 secs] [Times: user=0.02 sys=0.00, real=0.02 secs] 
2020-10-27T17:44:04.303-0800: 0.294: [Full GC (Allocation Failure) 2020-10-27T17:44:04.303-0800: 0.294: [CMS: 87293K->87228K(87424K), 0.0049349 secs] 126472K->122681K(126720K), [Metaspace: 2717K->2717K(1056768K)], 0.0049801 secs] [Times: user=0.01 sys=0.00, real=0.00 secs] 
2020-10-27T17:44:04.308-0800: 0.299: [GC (CMS Initial Mark) [1 CMS-initial-mark: 87228K(87424K)] 123379K(126720K), 0.0002518 secs] [Times: user=0.00 sys=0.00, real=0.00 secs] 
2020-10-27T17:44:04.309-0800: 0.299: [CMS-concurrent-mark-start]
2020-10-27T17:44:04.309-0800: 0.299: [Full GC (Allocation Failure) 2020-10-27T17:44:04.309-0800: 0.299: [CMS2020-10-27T17:44:04.310-0800: 0.301: [CMS-concurrent-mark: 0.001/0.002 secs] [Times: user=0.00 sys=0.00, real=0.01 secs] 
 (concurrent mode failure): 87228K->87333K(87424K), 0.0064058 secs] 126266K->123889K(126720K), [Metaspace: 2717K->2717K(1056768K)], 0.0064728 secs] [Times: user=0.00 sys=0.00, real=0.01 secs] 
2020-10-27T17:44:04.316-0800: 0.307: [Full GC (Allocation Failure) 2020-10-27T17:44:04.316-0800: 0.307: [CMS: 87333K->87333K(87424K), 0.0018384 secs] 126574K->124360K(126720K), [Metaspace: 2717K->2717K(1056768K)], 0.0018777 secs] [Times: user=0.01 sys=0.00, real=0.00 secs] 
2020-10-27T17:44:04.318-0800: 0.309: [GC (CMS Initial Mark) [1 CMS-initial-mark: 87333K(87424K)] 124875K(126720K), 0.0002229 secs] [Times: user=0.00 sys=0.00, real=0.00 secs] 
2020-10-27T17:44:04.318-0800: 0.309: [CMS-concurrent-mark-start]
2020-10-27T17:44:04.319-0800: 0.309: [Full GC (Allocation Failure) 2020-10-27T17:44:04.319-0800: 0.309: [CMS2020-10-27T17:44:04.320-0800: 0.311: [CMS-concurrent-mark: 0.001/0.002 secs] [Times: user=0.00 sys=0.00, real=0.01 secs] 
 (concurrent mode failure): 87333K->87011K(87424K), 0.0193451 secs] 126511K->124120K(126720K), [Metaspace: 2717K->2717K(1056768K)], 0.0194842 secs] [Times: user=0.02 sys=0.00, real=0.02 secs] 
2020-10-27T17:44:04.339-0800: 0.329: [Full GC (Allocation Failure) 2020-10-27T17:44:04.339-0800: 0.329: [CMS: 87011K->86918K(87424K), 0.0126293 secs] 125780K->124488K(126720K), [Metaspace: 2717K->2717K(1056768K)], 0.0126875 secs] [Times: user=0.01 sys=0.00, real=0.02 secs] 
2020-10-27T17:44:04.351-0800: 0.342: [GC (CMS Initial Mark) [1 CMS-initial-mark: 86918K(87424K)] 125263K(126720K), 0.0001997 secs] [Times: user=0.00 sys=0.00, real=0.00 secs] 
2020-10-27T17:44:04.352-0800: 0.342: [CMS-concurrent-mark-start]
2020-10-27T17:44:04.352-0800: 0.343: [Full GC (Allocation Failure) 2020-10-27T17:44:04.352-0800: 0.343: [CMS2020-10-27T17:44:04.354-0800: 0.344: [CMS-concurrent-mark: 0.001/0.002 secs] [Times: user=0.00 sys=0.00, real=0.00 secs] 
 (concurrent mode failure): 87191K->86918K(87424K), 0.0032818 secs] 126400K->124611K(126720K), [Metaspace: 2717K->2717K(1056768K)], 0.0033378 secs] [Times: user=0.00 sys=0.00, real=0.00 secs] 
2020-10-27T17:44:04.356-0800: 0.346: [Full GC (Allocation Failure) 2020-10-27T17:44:04.356-0800: 0.346: [CMS: 86918K->86918K(87424K), 0.0031253 secs] 125724K->124601K(126720K), [Metaspace: 2717K->2717K(1056768K)], 0.0031642 secs] [Times: user=0.01 sys=0.00, real=0.00 secs] 
2020-10-27T17:44:04.359-0800: 0.349: [GC (CMS Initial Mark) [1 CMS-initial-mark: 86918K(87424K)] 125398K(126720K), 0.0002022 secs] [Times: user=0.00 sys=0.00, real=0.00 secs] 
2020-10-27T17:44:04.359-0800: 0.350: [CMS-concurrent-mark-start]
2020-10-27T17:44:04.359-0800: 0.350: [Full GC (Allocation Failure) 2020-10-27T17:44:04.359-0800: 0.350: [CMS2020-10-27T17:44:04.361-0800: 0.352: [CMS-concurrent-mark: 0.001/0.002 secs] [Times: user=0.00 sys=0.00, real=0.01 secs] 
 (concurrent mode failure): 86918K->86918K(87424K), 0.0036432 secs] 125398K->124601K(126720K), [Metaspace: 2717K->2717K(1056768K)], 0.0037001 secs] [Times: user=0.00 sys=0.00, real=0.01 secs] 
2020-10-27T17:44:04.363-0800: 0.354: [Full GC (Allocation Failure) 2020-10-27T17:44:04.363-0800: 0.354: [CMS: 87249K->87354K(87424K), 0.0076477 secs] 126455K->125386K(126720K), [Metaspace: 2717K->2717K(1056768K)], 0.0077144 secs] [Times: user=0.01 sys=0.00, real=0.01 secs] 
2020-10-27T17:44:04.371-0800: 0.362: [GC (CMS Initial Mark) [1 CMS-initial-mark: 87354K(87424K)] 125582K(126720K), 0.0003126 secs] [Times: user=0.00 sys=0.00, real=0.00 secs] 
2020-10-27T17:44:04.372-0800: 0.362: [CMS-concurrent-mark-start]
2020-10-27T17:44:04.372-0800: 0.362: [Full GC (Allocation Failure) 2020-10-27T17:44:04.372-0800: 0.362: [CMS2020-10-27T17:44:04.373-0800: 0.364: [CMS-concurrent-mark: 0.001/0.002 secs] [Times: user=0.00 sys=0.00, real=0.00 secs] 
 (concurrent mode failure): 87354K->87262K(87424K), 0.0063278 secs] 126405K->125637K(126720K), [Metaspace: 2717K->2717K(1056768K)], 0.0064147 secs] [Times: user=0.00 sys=0.00, real=0.00 secs] 
2020-10-27T17:44:04.378-0800: 0.369: [Full GC (Allocation Failure) 2020-10-27T17:44:04.378-0800: 0.369: [CMS: 87262K->87262K(87424K), 0.0018179 secs] 126024K->126024K(126720K), [Metaspace: 2717K->2717K(1056768K)], 0.0018596 secs] [Times: user=0.01 sys=0.00, real=0.01 secs] 
2020-10-27T17:44:04.380-0800: 0.371: [Full GC (Allocation Failure) 2020-10-27T17:44:04.380-0800: 0.371: [CMS: 87262K->87242K(87424K), 0.0080217 secs] 126024K->126005K(126720K), [Metaspace: 2717K->2717K(1056768K)], 0.0080583 secs] [Times: user=0.00 sys=0.00, real=0.00 secs] 
2020-10-27T17:44:04.389-0800: 0.379: [GC (CMS Initial Mark) [1 CMS-initial-mark: 87242K(87424K)] 126005K(126720K), 0.0002461 secs] [Times: user=0.00 sys=0.00, real=0.00 secs] 
2020-10-27T17:44:04.389-0800: 0.379: [CMS-concurrent-mark-start]
2020-10-27T17:44:04.389-0800: 0.380: [CMS-concurrent-mark: 0.000/0.000 secs] [Times: user=0.01 sys=0.00, real=0.00 secs] 
2020-10-27T17:44:04.389-0800: 0.380: [CMS-concurrent-preclean-start]
2020-10-27T17:44:04.390-0800: 0.380: [CMS-concurrent-preclean: 0.001/0.001 secs] [Times: user=0.00 sys=0.00, real=0.01 secs] 
2020-10-27T17:44:04.390-0800: 0.380: [CMS-concurrent-abortable-preclean-start]
2020-10-27T17:44:04.390-0800: 0.380: [CMS-concurrent-abortable-preclean: 0.000/0.000 secs] [Times: user=0.00 sys=0.00, real=0.00 secs] 
Heap
 par new generation   total 39296K, used 38814K [0x00000007b8000000, 0x00000007baaa0000, 0x00000007baaa0000)
  eden space 34944K, 100% used [0x00000007b8000000, 0x00000007ba220000, 0x00000007ba220000)
  from space 4352K,  88% used [0x00000007ba660000, 0x00000007baa27a68, 0x00000007baaa0000)
  to   space 4352K,   0% used [0x00000007ba220000, 0x00000007ba220000, 0x00000007ba660000)
 concurrent mark-sweep generation total 87424K, used 87242K [0x00000007baaa0000, 0x00000007c0000000, 0x00000007c0000000)
 Metaspace       used 2748K, capacity 4486K, committed 4864K, reserved 1056768K
  class space    used 299K, capacity 386K, committed 512K, reserved 1048576K
2020-10-27T17:44:04.390-0800: 0.381: [GC (CMS Final Remark) [YG occupancy: 38814 K (39296 K)]2020-10-27T17:44:04.390-0800: 0.381: [Rescan (parallel) , 0.0002476 secs]2020-10-27T17:44:04.390-0800: 0.381: [weak refs processing, 0.0000168 secs]2020-10-27T17:44:04.390-0800: 0.381: [class unloading, 0.0001692 secs]2020-10-27T17:44:04.391-0800: 0.381: [scrub symbol table, 0.0002647 secs]2020-10-27T17:44:04.391-0800: 0.381: [scrub string table, 0.0002040 secs][1 CMS-remark: 87242K(87424K)] 126057K(126720K), 0.0009791 secs] [Times: user=0.00 sys=0.00, real=0.00 secs] 
