Java HotSpot(TM) 64-Bit Server VM (25.221-b11) for bsd-amd64 JRE (1.8.0_221-b11), built on Jul  4 2019 04:36:22 by "java_re" with gcc 4.2.1 (Based on Apple Inc. build 5658) (LLVM build 2336.11.00)
Memory: 4k page, physical 33554432k(1528868k free)

/proc/meminfo:

CommandLine flags: -XX:InitialHeapSize=2147483648 -XX:MaxHeapSize=2147483648 -XX:MaxNewSize=715829248 -XX:MaxTenuringThreshold=6 -XX:NewSize=715829248 -XX:OldPLABSize=16 -XX:OldSize=1431654400 -XX:+PrintGC -XX:+PrintGCDateStamps -XX:+PrintGCDetails -XX:+PrintGCTimeStamps -XX:+UseCompressedClassPointers -XX:+UseCompressedOops -XX:+UseConcMarkSweepGC -XX:+UseParNewGC 
2020-10-27T17:49:23.078-0800: 0.395: [GC (Allocation Failure) 2020-10-27T17:49:23.078-0800: 0.395: [ParNew: 559232K->69887K(629120K), 0.0588718 secs] 559232K->152492K(2027264K), 0.0589643 secs] [Times: user=0.10 sys=0.35, real=0.06 secs] 
2020-10-27T17:49:23.223-0800: 0.540: [GC (Allocation Failure) 2020-10-27T17:49:23.223-0800: 0.540: [ParNew: 629033K->69887K(629120K), 0.0538577 secs] 711638K->278249K(2027264K), 0.0539300 secs] [Times: user=0.12 sys=0.32, real=0.05 secs] 
2020-10-27T17:49:23.333-0800: 0.650: [GC (Allocation Failure) 2020-10-27T17:49:23.333-0800: 0.650: [ParNew: 629119K->69888K(629120K), 0.0653187 secs] 837481K->401950K(2027264K), 0.0654102 secs] [Times: user=0.60 sys=0.04, real=0.06 secs] 
2020-10-27T17:49:23.465-0800: 0.782: [GC (Allocation Failure) 2020-10-27T17:49:23.465-0800: 0.782: [ParNew: 629120K->69888K(629120K), 0.0590534 secs] 961182K->517426K(2027264K), 0.0591278 secs] [Times: user=0.55 sys=0.03, real=0.06 secs] 
2020-10-27T17:49:23.577-0800: 0.894: [GC (Allocation Failure) 2020-10-27T17:49:23.577-0800: 0.894: [ParNew: 629120K->69888K(629120K), 0.0651696 secs] 1076658K->649059K(2027264K), 0.0652405 secs] [Times: user=0.61 sys=0.04, real=0.07 secs] 
2020-10-27T17:49:23.696-0800: 1.013: [GC (Allocation Failure) 2020-10-27T17:49:23.696-0800: 1.013: [ParNew: 629120K->69888K(629120K), 0.0661119 secs] 1208291K->780435K(2027264K), 0.0661873 secs] [Times: user=0.62 sys=0.03, real=0.07 secs] 
2020-10-27T17:49:23.762-0800: 1.079: [GC (CMS Initial Mark) [1 CMS-initial-mark: 710547K(1398144K)] 781133K(2027264K), 0.0003566 secs] [Times: user=0.00 sys=0.00, real=0.00 secs] 
2020-10-27T17:49:23.763-0800: 1.080: [CMS-concurrent-mark-start]
2020-10-27T17:49:23.767-0800: 1.084: [CMS-concurrent-mark: 0.004/0.004 secs] [Times: user=0.01 sys=0.01, real=0.00 secs] 
2020-10-27T17:49:23.767-0800: 1.084: [CMS-concurrent-preclean-start]
2020-10-27T17:49:23.769-0800: 1.085: [CMS-concurrent-preclean: 0.002/0.002 secs] [Times: user=0.00 sys=0.00, real=0.00 secs] 
2020-10-27T17:49:23.769-0800: 1.086: [CMS-concurrent-abortable-preclean-start]
Heap
 par new generation   total 629120K, used 368682K [0x0000000740000000, 0x000000076aaa0000, 0x000000076aaa0000)
  eden space 559232K,  53% used [0x0000000740000000, 0x00000007523cab68, 0x0000000762220000)
  from space 69888K, 100% used [0x0000000762220000, 0x0000000766660000, 0x0000000766660000)
  to   space 69888K,   0% used [0x0000000766660000, 0x0000000766660000, 0x000000076aaa0000)
 concurrent mark-sweep generation total 1398144K, used 710547K [0x000000076aaa0000, 0x00000007c0000000, 0x00000007c0000000)
 Metaspace       used 2723K, capacity 4486K, committed 4864K, reserved 1056768K
  class space    used 296K, capacity 386K, committed 512K, reserved 1048576K
