Java HotSpot(TM) 64-Bit Server VM (25.221-b11) for bsd-amd64 JRE (1.8.0_221-b11), built on Jul  4 2019 04:36:22 by "java_re" with gcc 4.2.1 (Based on Apple Inc. build 5658) (LLVM build 2336.11.00)
Memory: 4k page, physical 33554432k(2713872k free)

/proc/meminfo:

CommandLine flags: -XX:InitialHeapSize=536870912 -XX:MaxHeapSize=536870912 -XX:MaxNewSize=178958336 -XX:MaxTenuringThreshold=6 -XX:NewSize=178958336 -XX:OldPLABSize=16 -XX:OldSize=357912576 -XX:+PrintGC -XX:+PrintGCDateStamps -XX:+PrintGCDetails -XX:+PrintGCTimeStamps -XX:+UseCompressedClassPointers -XX:+UseCompressedOops -XX:+UseConcMarkSweepGC -XX:+UseParNewGC 
2020-10-27T16:31:08.117-0800: 0.160: [GC (Allocation Failure) 2020-10-27T16:31:08.117-0800: 0.160: [ParNew: 139776K->17470K(157248K), 0.0175059 secs] 139776K->47506K(506816K), 0.0176330 secs] [Times: user=0.03 sys=0.11, real=0.02 secs] 
2020-10-27T16:31:08.153-0800: 0.196: [GC (Allocation Failure) 2020-10-27T16:31:08.153-0800: 0.196: [ParNew: 157018K->17472K(157248K), 0.0179314 secs] 187054K->92597K(506816K), 0.0180005 secs] [Times: user=0.03 sys=0.10, real=0.02 secs] 
2020-10-27T16:31:08.186-0800: 0.229: [GC (Allocation Failure) 2020-10-27T16:31:08.186-0800: 0.229: [ParNew: 157248K->17472K(157248K), 0.0173423 secs] 232373K->134936K(506816K), 0.0174269 secs] [Times: user=0.15 sys=0.02, real=0.02 secs] 
2020-10-27T16:31:08.223-0800: 0.266: [GC (Allocation Failure) 2020-10-27T16:31:08.223-0800: 0.266: [ParNew: 157248K->17470K(157248K), 0.0213377 secs] 274712K->181315K(506816K), 0.0214129 secs] [Times: user=0.19 sys=0.02, real=0.02 secs] 
2020-10-27T16:31:08.260-0800: 0.303: [GC (Allocation Failure) 2020-10-27T16:31:08.260-0800: 0.303: [ParNew: 157246K->17470K(157248K), 0.0196392 secs] 321091K->233787K(506816K), 0.0197118 secs] [Times: user=0.16 sys=0.03, real=0.02 secs] 
2020-10-27T16:31:08.280-0800: 0.323: [GC (CMS Initial Mark) [1 CMS-initial-mark: 216316K(349568K)] 236854K(506816K), 0.0002022 secs] [Times: user=0.00 sys=0.00, real=0.00 secs] 
2020-10-27T16:31:08.280-0800: 0.323: [CMS-concurrent-mark-start]
2020-10-27T16:31:08.281-0800: 0.325: [CMS-concurrent-mark: 0.002/0.002 secs] [Times: user=0.01 sys=0.00, real=0.00 secs] 
2020-10-27T16:31:08.281-0800: 0.325: [CMS-concurrent-preclean-start]
2020-10-27T16:31:08.282-0800: 0.325: [CMS-concurrent-preclean: 0.000/0.000 secs] [Times: user=0.00 sys=0.00, real=0.00 secs] 
2020-10-27T16:31:08.282-0800: 0.325: [CMS-concurrent-abortable-preclean-start]
2020-10-27T16:31:08.303-0800: 0.346: [GC (Allocation Failure) 2020-10-27T16:31:08.303-0800: 0.346: [ParNew: 157246K->17471K(157248K), 0.0166874 secs] 373563K->273136K(506816K), 0.0167621 secs] [Times: user=0.15 sys=0.01, real=0.01 secs] 
2020-10-27T16:31:08.333-0800: 0.377: [GC (Allocation Failure) 2020-10-27T16:31:08.333-0800: 0.377: [ParNew: 157247K->17470K(157248K), 0.0162586 secs] 412912K->316776K(506816K), 0.0163375 secs] [Times: user=0.14 sys=0.02, real=0.02 secs] 
2020-10-27T16:31:08.365-0800: 0.408: [GC (Allocation Failure) 2020-10-27T16:31:08.365-0800: 0.408: [ParNew: 156794K->17471K(157248K), 0.0197711 secs] 456100K->360483K(506816K), 0.0198565 secs] [Times: user=0.18 sys=0.02, real=0.02 secs] 
2020-10-27T16:31:08.385-0800: 0.428: [CMS-concurrent-abortable-preclean: 0.003/0.103 secs] [Times: user=0.52 sys=0.05, real=0.10 secs] 
2020-10-27T16:31:08.385-0800: 0.428: [GC (CMS Final Remark) [YG occupancy: 17986 K (157248 K)]2020-10-27T16:31:08.385-0800: 0.428: [Rescan (parallel) , 0.0002752 secs]2020-10-27T16:31:08.385-0800: 0.429: [weak refs processing, 0.0000224 secs]2020-10-27T16:31:08.385-0800: 0.429: [class unloading, 0.0001866 secs]2020-10-27T16:31:08.386-0800: 0.429: [scrub symbol table, 0.0002392 secs]2020-10-27T16:31:08.386-0800: 0.429: [scrub string table, 0.0001495 secs][1 CMS-remark: 343012K(349568K)] 360998K(506816K), 0.0009537 secs] [Times: user=0.00 sys=0.00, real=0.00 secs] 
2020-10-27T16:31:08.386-0800: 0.429: [CMS-concurrent-sweep-start]
2020-10-27T16:31:08.387-0800: 0.430: [CMS-concurrent-sweep: 0.001/0.001 secs] [Times: user=0.00 sys=0.00, real=0.00 secs] 
2020-10-27T16:31:08.387-0800: 0.430: [CMS-concurrent-reset-start]
2020-10-27T16:31:08.387-0800: 0.431: [CMS-concurrent-reset: 0.001/0.001 secs] [Times: user=0.00 sys=0.00, real=0.00 secs] 
2020-10-27T16:31:08.400-0800: 0.444: [GC (Allocation Failure) 2020-10-27T16:31:08.400-0800: 0.444: [ParNew: 157224K->17471K(157248K), 0.0067698 secs] 451477K->357356K(506816K), 0.0068287 secs] [Times: user=0.07 sys=0.00, real=0.00 secs] 
2020-10-27T16:31:08.407-0800: 0.451: [GC (CMS Initial Mark) [1 CMS-initial-mark: 339884K(349568K)] 360305K(506816K), 0.0002148 secs] [Times: user=0.00 sys=0.00, real=0.00 secs] 
2020-10-27T16:31:08.408-0800: 0.451: [CMS-concurrent-mark-start]
2020-10-27T16:31:08.408-0800: 0.452: [CMS-concurrent-mark: 0.001/0.001 secs] [Times: user=0.00 sys=0.00, real=0.00 secs] 
2020-10-27T16:31:08.408-0800: 0.452: [CMS-concurrent-preclean-start]
2020-10-27T16:31:08.409-0800: 0.452: [CMS-concurrent-preclean: 0.000/0.000 secs] [Times: user=0.00 sys=0.00, real=0.00 secs] 
2020-10-27T16:31:08.409-0800: 0.452: [CMS-concurrent-abortable-preclean-start]
2020-10-27T16:31:08.409-0800: 0.452: [CMS-concurrent-abortable-preclean: 0.000/0.000 secs] [Times: user=0.00 sys=0.00, real=0.00 secs] 
2020-10-27T16:31:08.409-0800: 0.452: [GC (CMS Final Remark) [YG occupancy: 32441 K (157248 K)]2020-10-27T16:31:08.409-0800: 0.452: [Rescan (parallel) , 0.0002320 secs]2020-10-27T16:31:08.409-0800: 0.452: [weak refs processing, 0.0000190 secs]2020-10-27T16:31:08.409-0800: 0.453: [class unloading, 0.0001751 secs]2020-10-27T16:31:08.409-0800: 0.453: [scrub symbol table, 0.0002558 secs]2020-10-27T16:31:08.410-0800: 0.453: [scrub string table, 0.0001643 secs][1 CMS-remark: 339884K(349568K)] 372325K(506816K), 0.0009088 secs] [Times: user=0.00 sys=0.00, real=0.01 secs] 
2020-10-27T16:31:08.410-0800: 0.453: [CMS-concurrent-sweep-start]
2020-10-27T16:31:08.411-0800: 0.454: [CMS-concurrent-sweep: 0.001/0.001 secs] [Times: user=0.00 sys=0.00, real=0.00 secs] 
2020-10-27T16:31:08.411-0800: 0.454: [CMS-concurrent-reset-start]
2020-10-27T16:31:08.411-0800: 0.454: [CMS-concurrent-reset: 0.000/0.000 secs] [Times: user=0.00 sys=0.00, real=0.00 secs] 
2020-10-27T16:31:08.426-0800: 0.469: [GC (Allocation Failure) 2020-10-27T16:31:08.426-0800: 0.469: [ParNew: 157159K->17471K(157248K), 0.0077268 secs] 399920K->310849K(506816K), 0.0078007 secs] [Times: user=0.07 sys=0.00, real=0.01 secs] 
2020-10-27T16:31:08.434-0800: 0.477: [GC (CMS Initial Mark) [1 CMS-initial-mark: 293377K(349568K)] 314317K(506816K), 0.0002304 secs] [Times: user=0.00 sys=0.00, real=0.00 secs] 
2020-10-27T16:31:08.434-0800: 0.477: [CMS-concurrent-mark-start]
2020-10-27T16:31:08.435-0800: 0.478: [CMS-concurrent-mark: 0.001/0.001 secs] [Times: user=0.01 sys=0.00, real=0.00 secs] 
2020-10-27T16:31:08.435-0800: 0.478: [CMS-concurrent-preclean-start]
2020-10-27T16:31:08.435-0800: 0.479: [CMS-concurrent-preclean: 0.001/0.001 secs] [Times: user=0.00 sys=0.00, real=0.00 secs] 
2020-10-27T16:31:08.435-0800: 0.479: [CMS-concurrent-abortable-preclean-start]
2020-10-27T16:31:08.451-0800: 0.494: [GC (Allocation Failure) 2020-10-27T16:31:08.451-0800: 0.494: [ParNew: 157247K->17470K(157248K), 0.0066090 secs] 450625K->356922K(506816K), 0.0066838 secs] [Times: user=0.06 sys=0.00, real=0.00 secs] 
2020-10-27T16:31:08.457-0800: 0.501: [CMS-concurrent-abortable-preclean: 0.001/0.022 secs] [Times: user=0.08 sys=0.00, real=0.02 secs] 
2020-10-27T16:31:08.457-0800: 0.501: [GC (CMS Final Remark) [YG occupancy: 17981 K (157248 K)]2020-10-27T16:31:08.457-0800: 0.501: [Rescan (parallel) , 0.0002721 secs]2020-10-27T16:31:08.458-0800: 0.501: [weak refs processing, 0.0000138 secs]2020-10-27T16:31:08.458-0800: 0.501: [class unloading, 0.0001807 secs]2020-10-27T16:31:08.458-0800: 0.501: [scrub symbol table, 0.0002662 secs]2020-10-27T16:31:08.458-0800: 0.501: [scrub string table, 0.0001739 secs][1 CMS-remark: 339451K(349568K)] 357433K(506816K), 0.0009655 secs] [Times: user=0.00 sys=0.00, real=0.00 secs] 
2020-10-27T16:31:08.458-0800: 0.502: [CMS-concurrent-sweep-start]
2020-10-27T16:31:08.459-0800: 0.502: [CMS-concurrent-sweep: 0.001/0.001 secs] [Times: user=0.00 sys=0.00, real=0.00 secs] 
2020-10-27T16:31:08.459-0800: 0.502: [CMS-concurrent-reset-start]
2020-10-27T16:31:08.459-0800: 0.503: [CMS-concurrent-reset: 0.000/0.000 secs] [Times: user=0.00 sys=0.00, real=0.00 secs] 
2020-10-27T16:31:08.476-0800: 0.519: [GC (Allocation Failure) 2020-10-27T16:31:08.476-0800: 0.519: [ParNew: 157049K->157049K(157248K), 0.0000188 secs]2020-10-27T16:31:08.476-0800: 0.519: [CMS: 304568K->304008K(349568K), 0.0434801 secs] 461617K->304008K(506816K), [Metaspace: 2717K->2717K(1056768K)], 0.0435928 secs] [Times: user=0.04 sys=0.00, real=0.04 secs] 
2020-10-27T16:31:08.520-0800: 0.563: [GC (CMS Initial Mark) [1 CMS-initial-mark: 304008K(349568K)] 304240K(506816K), 0.0002385 secs] [Times: user=0.00 sys=0.00, real=0.00 secs] 
2020-10-27T16:31:08.520-0800: 0.563: [CMS-concurrent-mark-start]
2020-10-27T16:31:08.521-0800: 0.564: [CMS-concurrent-mark: 0.001/0.001 secs] [Times: user=0.00 sys=0.00, real=0.00 secs] 
2020-10-27T16:31:08.521-0800: 0.564: [CMS-concurrent-preclean-start]
2020-10-27T16:31:08.522-0800: 0.565: [CMS-concurrent-preclean: 0.001/0.001 secs] [Times: user=0.01 sys=0.00, real=0.00 secs] 
2020-10-27T16:31:08.522-0800: 0.565: [CMS-concurrent-abortable-preclean-start]
2020-10-27T16:31:08.548-0800: 0.592: [GC (Allocation Failure) 2020-10-27T16:31:08.548-0800: 0.592: [ParNew: 139776K->17470K(157248K), 0.0055684 secs] 443784K->348213K(506816K), 0.0056472 secs] [Times: user=0.06 sys=0.01, real=0.01 secs] 
2020-10-27T16:31:08.555-0800: 0.598: [CMS-concurrent-abortable-preclean: 0.001/0.033 secs] [Times: user=0.08 sys=0.01, real=0.03 secs] 
2020-10-27T16:31:08.555-0800: 0.598: [GC (CMS Final Remark) [YG occupancy: 23782 K (157248 K)]2020-10-27T16:31:08.555-0800: 0.598: [Rescan (parallel) , 0.0002594 secs]2020-10-27T16:31:08.555-0800: 0.598: [weak refs processing, 0.0000122 secs]2020-10-27T16:31:08.555-0800: 0.598: [class unloading, 0.0001803 secs]2020-10-27T16:31:08.555-0800: 0.599: [scrub symbol table, 0.0002719 secs]2020-10-27T16:31:08.556-0800: 0.599: [scrub string table, 0.0001794 secs][1 CMS-remark: 330743K(349568K)] 354525K(506816K), 0.0009597 secs] [Times: user=0.00 sys=0.00, real=0.00 secs] 
2020-10-27T16:31:08.556-0800: 0.599: [CMS-concurrent-sweep-start]
2020-10-27T16:31:08.556-0800: 0.600: [CMS-concurrent-sweep: 0.000/0.000 secs] [Times: user=0.00 sys=0.00, real=0.00 secs] 
2020-10-27T16:31:08.556-0800: 0.600: [CMS-concurrent-reset-start]
2020-10-27T16:31:08.557-0800: 0.600: [CMS-concurrent-reset: 0.000/0.000 secs] [Times: user=0.00 sys=0.00, real=0.00 secs] 
2020-10-27T16:31:08.581-0800: 0.624: [GC (Allocation Failure) 2020-10-27T16:31:08.581-0800: 0.624: [ParNew: 157246K->157246K(157248K), 0.0000181 secs]2020-10-27T16:31:08.581-0800: 0.624: [CMS: 329878K->323378K(349568K), 0.0413638 secs] 487124K->323378K(506816K), [Metaspace: 2717K->2717K(1056768K)], 0.0414721 secs] [Times: user=0.05 sys=0.00, real=0.04 secs] 
2020-10-27T16:31:08.622-0800: 0.665: [GC (CMS Initial Mark) [1 CMS-initial-mark: 323378K(349568K)] 323768K(506816K), 0.0002414 secs] [Times: user=0.00 sys=0.00, real=0.00 secs] 
2020-10-27T16:31:08.623-0800: 0.666: [CMS-concurrent-mark-start]
2020-10-27T16:31:08.624-0800: 0.667: [CMS-concurrent-mark: 0.001/0.001 secs] [Times: user=0.00 sys=0.00, real=0.00 secs] 
2020-10-27T16:31:08.624-0800: 0.667: [CMS-concurrent-preclean-start]
2020-10-27T16:31:08.624-0800: 0.667: [CMS-concurrent-preclean: 0.001/0.001 secs] [Times: user=0.00 sys=0.00, real=0.00 secs] 
2020-10-27T16:31:08.624-0800: 0.667: [CMS-concurrent-abortable-preclean-start]
2020-10-27T16:31:08.644-0800: 0.687: [GC (Allocation Failure) 2020-10-27T16:31:08.644-0800: 0.687: [ParNew: 139776K->17471K(157248K), 0.0062350 secs] 463154K->363560K(506816K), 0.0063089 secs] [Times: user=0.06 sys=0.00, real=0.01 secs] 
2020-10-27T16:31:08.651-0800: 0.694: [CMS-concurrent-abortable-preclean: 0.001/0.026 secs] [Times: user=0.08 sys=0.00, real=0.03 secs] 
2020-10-27T16:31:08.651-0800: 0.694: [GC (CMS Final Remark) [YG occupancy: 17959 K (157248 K)]2020-10-27T16:31:08.651-0800: 0.694: [Rescan (parallel) , 0.0002377 secs]2020-10-27T16:31:08.651-0800: 0.694: [weak refs processing, 0.0000339 secs]2020-10-27T16:31:08.651-0800: 0.694: [class unloading, 0.0001918 secs]2020-10-27T16:31:08.651-0800: 0.694: [scrub symbol table, 0.0002838 secs]2020-10-27T16:31:08.651-0800: 0.695: [scrub string table, 0.0001848 secs][1 CMS-remark: 346088K(349568K)] 364047K(506816K), 0.0010035 secs] [Times: user=0.00 sys=0.00, real=0.00 secs] 
2020-10-27T16:31:08.652-0800: 0.695: [CMS-concurrent-sweep-start]
2020-10-27T16:31:08.652-0800: 0.695: [CMS-concurrent-sweep: 0.000/0.000 secs] [Times: user=0.00 sys=0.00, real=0.00 secs] 
2020-10-27T16:31:08.652-0800: 0.696: [CMS-concurrent-reset-start]
2020-10-27T16:31:08.653-0800: 0.696: [CMS-concurrent-reset: 0.000/0.000 secs] [Times: user=0.00 sys=0.00, real=0.00 secs] 
2020-10-27T16:31:08.674-0800: 0.718: [GC (Allocation Failure) 2020-10-27T16:31:08.674-0800: 0.718: [ParNew: 157247K->157247K(157248K), 0.0000224 secs]2020-10-27T16:31:08.674-0800: 0.718: [CMS: 345387K->335486K(349568K), 0.0551419 secs] 502634K->335486K(506816K), [Metaspace: 2717K->2717K(1056768K)], 0.0552645 secs] [Times: user=0.05 sys=0.00, real=0.06 secs] 
2020-10-27T16:31:08.730-0800: 0.773: [GC (CMS Initial Mark) [1 CMS-initial-mark: 335486K(349568K)] 338430K(506816K), 0.0002321 secs] [Times: user=0.00 sys=0.00, real=0.00 secs] 
2020-10-27T16:31:08.730-0800: 0.773: [CMS-concurrent-mark-start]
2020-10-27T16:31:08.731-0800: 0.774: [CMS-concurrent-mark: 0.001/0.001 secs] [Times: user=0.00 sys=0.00, real=0.00 secs] 
2020-10-27T16:31:08.731-0800: 0.774: [CMS-concurrent-preclean-start]
2020-10-27T16:31:08.732-0800: 0.775: [CMS-concurrent-preclean: 0.001/0.001 secs] [Times: user=0.01 sys=0.00, real=0.00 secs] 
2020-10-27T16:31:08.732-0800: 0.775: [CMS-concurrent-abortable-preclean-start]
2020-10-27T16:31:08.755-0800: 0.798: [GC (Allocation Failure) 2020-10-27T16:31:08.755-0800: 0.798: [ParNew: 139776K->139776K(157248K), 0.0000209 secs]2020-10-27T16:31:08.755-0800: 0.798: [CMS2020-10-27T16:31:08.755-0800: 0.798: [CMS-concurrent-abortable-preclean: 0.001/0.023 secs] [Times: user=0.02 sys=0.00, real=0.02 secs] 
 (concurrent mode failure): 335486K->338307K(349568K), 0.0453496 secs] 475262K->338307K(506816K), [Metaspace: 2717K->2717K(1056768K)], 0.0454684 secs] [Times: user=0.04 sys=0.00, real=0.05 secs] 
2020-10-27T16:31:08.823-0800: 0.867: [GC (Allocation Failure) 2020-10-27T16:31:08.823-0800: 0.867: [ParNew: 139776K->139776K(157248K), 0.0000227 secs]2020-10-27T16:31:08.824-0800: 0.867: [CMS: 338307K->341254K(349568K), 0.0472224 secs] 478083K->341254K(506816K), [Metaspace: 2717K->2717K(1056768K)], 0.0473450 secs] [Times: user=0.04 sys=0.00, real=0.05 secs] 
2020-10-27T16:31:08.871-0800: 0.914: [GC (CMS Initial Mark) [1 CMS-initial-mark: 341254K(349568K)] 341491K(506816K), 0.0002879 secs] [Times: user=0.00 sys=0.00, real=0.00 secs] 
2020-10-27T16:31:08.871-0800: 0.915: [CMS-concurrent-mark-start]
2020-10-27T16:31:08.873-0800: 0.916: [CMS-concurrent-mark: 0.001/0.001 secs] [Times: user=0.01 sys=0.00, real=0.00 secs] 
2020-10-27T16:31:08.873-0800: 0.916: [CMS-concurrent-preclean-start]
2020-10-27T16:31:08.874-0800: 0.917: [CMS-concurrent-preclean: 0.001/0.001 secs] [Times: user=0.00 sys=0.00, real=0.00 secs] 
2020-10-27T16:31:08.874-0800: 0.917: [CMS-concurrent-abortable-preclean-start]
2020-10-27T16:31:08.874-0800: 0.917: [CMS-concurrent-abortable-preclean: 0.000/0.000 secs] [Times: user=0.00 sys=0.00, real=0.00 secs] 
2020-10-27T16:31:08.874-0800: 0.917: [GC (CMS Final Remark) [YG occupancy: 17066 K (157248 K)]2020-10-27T16:31:08.874-0800: 0.917: [Rescan (parallel) , 0.0003246 secs]2020-10-27T16:31:08.874-0800: 0.917: [weak refs processing, 0.0000191 secs]2020-10-27T16:31:08.874-0800: 0.917: [class unloading, 0.0002111 secs]2020-10-27T16:31:08.874-0800: 0.918: [scrub symbol table, 0.0003220 secs]2020-10-27T16:31:08.875-0800: 0.918: [scrub string table, 0.0002212 secs][1 CMS-remark: 341254K(349568K)] 358320K(506816K), 0.0011764 secs] [Times: user=0.00 sys=0.00, real=0.00 secs] 
2020-10-27T16:31:08.875-0800: 0.918: [CMS-concurrent-sweep-start]
2020-10-27T16:31:08.876-0800: 0.919: [CMS-concurrent-sweep: 0.001/0.001 secs] [Times: user=0.00 sys=0.00, real=0.00 secs] 
2020-10-27T16:31:08.876-0800: 0.919: [CMS-concurrent-reset-start]
2020-10-27T16:31:08.876-0800: 0.919: [CMS-concurrent-reset: 0.000/0.000 secs] [Times: user=0.00 sys=0.00, real=0.00 secs] 
2020-10-27T16:31:08.894-0800: 0.938: [GC (Allocation Failure) 2020-10-27T16:31:08.895-0800: 0.938: [ParNew: 138983K->138983K(157248K), 0.0000221 secs]2020-10-27T16:31:08.895-0800: 0.938: [CMS: 340981K->343695K(349568K), 0.0504859 secs] 479964K->343695K(506816K), [Metaspace: 2717K->2717K(1056768K)], 0.0506158 secs] [Times: user=0.05 sys=0.00, real=0.05 secs] 
2020-10-27T16:31:08.945-0800: 0.989: [GC (CMS Initial Mark) [1 CMS-initial-mark: 343695K(349568K)] 344492K(506816K), 0.0002653 secs] [Times: user=0.00 sys=0.00, real=0.00 secs] 
2020-10-27T16:31:08.946-0800: 0.989: [CMS-concurrent-mark-start]
2020-10-27T16:31:08.947-0800: 0.990: [CMS-concurrent-mark: 0.001/0.001 secs] [Times: user=0.01 sys=0.00, real=0.00 secs] 
2020-10-27T16:31:08.947-0800: 0.991: [CMS-concurrent-preclean-start]
2020-10-27T16:31:08.948-0800: 0.991: [CMS-concurrent-preclean: 0.001/0.001 secs] [Times: user=0.00 sys=0.00, real=0.00 secs] 
2020-10-27T16:31:08.948-0800: 0.991: [CMS-concurrent-abortable-preclean-start]
2020-10-27T16:31:08.948-0800: 0.991: [CMS-concurrent-abortable-preclean: 0.000/0.000 secs] [Times: user=0.00 sys=0.00, real=0.00 secs] 
2020-10-27T16:31:08.948-0800: 0.991: [GC (CMS Final Remark) [YG occupancy: 15805 K (157248 K)]2020-10-27T16:31:08.948-0800: 0.991: [Rescan (parallel) , 0.0004188 secs]2020-10-27T16:31:08.949-0800: 0.992: [weak refs processing, 0.0000190 secs]2020-10-27T16:31:08.949-0800: 0.992: [class unloading, 0.0002215 secs]2020-10-27T16:31:08.949-0800: 0.992: [scrub symbol table, 0.0003496 secs]2020-10-27T16:31:08.949-0800: 0.992: [scrub string table, 0.0002225 secs][1 CMS-remark: 343695K(349568K)] 359500K(506816K), 0.0013199 secs] [Times: user=0.00 sys=0.00, real=0.00 secs] 
2020-10-27T16:31:08.950-0800: 0.993: [CMS-concurrent-sweep-start]
2020-10-27T16:31:08.950-0800: 0.993: [CMS-concurrent-sweep: 0.001/0.001 secs] [Times: user=0.00 sys=0.00, real=0.00 secs] 
2020-10-27T16:31:08.950-0800: 0.993: [CMS-concurrent-reset-start]
2020-10-27T16:31:08.950-0800: 0.994: [CMS-concurrent-reset: 0.000/0.000 secs] [Times: user=0.00 sys=0.00, real=0.00 secs] 
2020-10-27T16:31:08.969-0800: 1.012: [GC (Allocation Failure) 2020-10-27T16:31:08.969-0800: 1.012: [ParNew: 139776K->139776K(157248K), 0.0000216 secs]2020-10-27T16:31:08.969-0800: 1.012: [CMS: 342976K->347191K(349568K), 0.0523231 secs] 482752K->347191K(506816K), [Metaspace: 2717K->2717K(1056768K)], 0.0524446 secs] [Times: user=0.05 sys=0.00, real=0.06 secs] 
2020-10-27T16:31:09.021-0800: 1.064: [GC (CMS Initial Mark) [1 CMS-initial-mark: 347191K(349568K)] 347383K(506816K), 0.0002352 secs] [Times: user=0.00 sys=0.00, real=0.00 secs] 
2020-10-27T16:31:09.022-0800: 1.065: [CMS-concurrent-mark-start]
2020-10-27T16:31:09.023-0800: 1.066: [CMS-concurrent-mark: 0.001/0.001 secs] [Times: user=0.01 sys=0.00, real=0.00 secs] 
2020-10-27T16:31:09.023-0800: 1.066: [CMS-concurrent-preclean-start]
2020-10-27T16:31:09.023-0800: 1.067: [CMS-concurrent-preclean: 0.001/0.001 secs] [Times: user=0.00 sys=0.00, real=0.00 secs] 
2020-10-27T16:31:09.023-0800: 1.067: [CMS-concurrent-abortable-preclean-start]
2020-10-27T16:31:09.023-0800: 1.067: [CMS-concurrent-abortable-preclean: 0.000/0.000 secs] [Times: user=0.00 sys=0.00, real=0.00 secs] 
2020-10-27T16:31:09.023-0800: 1.067: [GC (CMS Final Remark) [YG occupancy: 13610 K (157248 K)]2020-10-27T16:31:09.023-0800: 1.067: [Rescan (parallel) , 0.0003363 secs]2020-10-27T16:31:09.024-0800: 1.067: [weak refs processing, 0.0000256 secs]2020-10-27T16:31:09.024-0800: 1.067: [class unloading, 0.0002118 secs]2020-10-27T16:31:09.024-0800: 1.067: [scrub symbol table, 0.0003097 secs]2020-10-27T16:31:09.024-0800: 1.068: [scrub string table, 0.0002129 secs][1 CMS-remark: 347191K(349568K)] 360802K(506816K), 0.0011803 secs] [Times: user=0.00 sys=0.01, real=0.00 secs] 
2020-10-27T16:31:09.025-0800: 1.068: [CMS-concurrent-sweep-start]
2020-10-27T16:31:09.025-0800: 1.068: [CMS-concurrent-sweep: 0.001/0.001 secs] [Times: user=0.00 sys=0.00, real=0.00 secs] 
2020-10-27T16:31:09.025-0800: 1.069: [CMS-concurrent-reset-start]
2020-10-27T16:31:09.026-0800: 1.069: [CMS-concurrent-reset: 0.000/0.000 secs] [Times: user=0.00 sys=0.00, real=0.00 secs] 
Heap
 par new generation   total 157248K, used 61609K [0x00000007a0000000, 0x00000007aaaa0000, 0x00000007aaaa0000)
  eden space 139776K,  44% used [0x00000007a0000000, 0x00000007a3c2a490, 0x00000007a8880000)
  from space 17472K,   0% used [0x00000007a9990000, 0x00000007a9990000, 0x00000007aaaa0000)
  to   space 17472K,   0% used [0x00000007a8880000, 0x00000007a8880000, 0x00000007a9990000)
 concurrent mark-sweep generation total 349568K, used 346836K [0x00000007aaaa0000, 0x00000007c0000000, 0x00000007c0000000)
 Metaspace       used 2723K, capacity 4486K, committed 4864K, reserved 1056768K
  class space    used 296K, capacity 386K, committed 512K, reserved 1048576K
