Java HotSpot(TM) 64-Bit Server VM (25.221-b11) for bsd-amd64 JRE (1.8.0_221-b11), built on Jul  4 2019 04:36:22 by "java_re" with gcc 4.2.1 (Based on Apple Inc. build 5658) (LLVM build 2336.11.00)
Memory: 4k page, physical 33554432k(1172096k free)

/proc/meminfo:

CommandLine flags: -XX:InitialHeapSize=1073741824 -XX:MaxHeapSize=1073741824 -XX:+PrintGC -XX:+PrintGCDateStamps -XX:+PrintGCDetails -XX:+PrintGCTimeStamps -XX:+UseCompressedClassPointers -XX:+UseCompressedOops -XX:+UseG1GC 
2020-10-27T17:47:15.973-0800: 0.107: [GC pause (G1 Evacuation Pause) (young), 0.0051777 secs]
   [Parallel Time: 4.5 ms, GC Workers: 10]
      [GC Worker Start (ms): Min: 106.9, Avg: 107.0, Max: 107.1, Diff: 0.2]
      [Ext Root Scanning (ms): Min: 0.0, Avg: 0.1, Max: 0.2, Diff: 0.2, Sum: 1.1]
      [Update RS (ms): Min: 0.0, Avg: 0.0, Max: 0.0, Diff: 0.0, Sum: 0.0]
         [Processed Buffers: Min: 0, Avg: 0.0, Max: 0, Diff: 0, Sum: 0]
      [Scan RS (ms): Min: 0.0, Avg: 0.0, Max: 0.0, Diff: 0.0, Sum: 0.0]
      [Code Root Scanning (ms): Min: 0.0, Avg: 0.0, Max: 0.0, Diff: 0.0, Sum: 0.0]
      [Object Copy (ms): Min: 3.6, Avg: 3.9, Max: 4.1, Diff: 0.5, Sum: 38.7]
      [Termination (ms): Min: 0.0, Avg: 0.3, Max: 0.6, Diff: 0.6, Sum: 2.8]
         [Termination Attempts: Min: 1, Avg: 4.0, Max: 6, Diff: 5, Sum: 40]
      [GC Worker Other (ms): Min: 0.0, Avg: 0.0, Max: 0.0, Diff: 0.0, Sum: 0.1]
      [GC Worker Total (ms): Min: 4.2, Avg: 4.3, Max: 4.4, Diff: 0.2, Sum: 42.9]
      [GC Worker End (ms): Min: 111.3, Avg: 111.3, Max: 111.4, Diff: 0.1]
   [Code Root Fixup: 0.0 ms]
   [Code Root Purge: 0.0 ms]
   [Clear CT: 0.1 ms]
   [Other: 0.5 ms]
      [Choose CSet: 0.0 ms]
      [Ref Proc: 0.2 ms]
      [Ref Enq: 0.0 ms]
      [Redirty Cards: 0.1 ms]
      [Humongous Register: 0.0 ms]
      [Humongous Reclaim: 0.0 ms]
      [Free CSet: 0.0 ms]
   [Eden: 51.0M(51.0M)->0.0B(44.0M) Survivors: 0.0B->7168.0K Heap: 62.9M(1024.0M)->22.2M(1024.0M)]
 [Times: user=0.02 sys=0.03, real=0.00 secs] 
2020-10-27T17:47:15.993-0800: 0.126: [GC pause (G1 Evacuation Pause) (young), 0.0051858 secs]
   [Parallel Time: 4.7 ms, GC Workers: 10]
      [GC Worker Start (ms): Min: 126.3, Avg: 126.4, Max: 126.4, Diff: 0.1]
      [Ext Root Scanning (ms): Min: 0.0, Avg: 0.1, Max: 0.2, Diff: 0.1, Sum: 0.9]
      [Update RS (ms): Min: 0.1, Avg: 0.1, Max: 0.1, Diff: 0.1, Sum: 1.1]
         [Processed Buffers: Min: 1, Avg: 2.2, Max: 3, Diff: 2, Sum: 22]
      [Scan RS (ms): Min: 0.0, Avg: 0.0, Max: 0.0, Diff: 0.0, Sum: 0.0]
      [Code Root Scanning (ms): Min: 0.0, Avg: 0.0, Max: 0.0, Diff: 0.0, Sum: 0.0]
      [Object Copy (ms): Min: 3.7, Avg: 4.0, Max: 4.2, Diff: 0.5, Sum: 40.1]
      [Termination (ms): Min: 0.0, Avg: 0.2, Max: 0.5, Diff: 0.5, Sum: 2.3]
         [Termination Attempts: Min: 1, Avg: 1.0, Max: 1, Diff: 0, Sum: 10]
      [GC Worker Other (ms): Min: 0.0, Avg: 0.0, Max: 0.0, Diff: 0.0, Sum: 0.1]
      [GC Worker Total (ms): Min: 4.3, Avg: 4.5, Max: 4.6, Diff: 0.3, Sum: 44.5]
      [GC Worker End (ms): Min: 130.8, Avg: 130.8, Max: 130.9, Diff: 0.2]
   [Code Root Fixup: 0.0 ms]
   [Code Root Purge: 0.0 ms]
   [Clear CT: 0.1 ms]
   [Other: 0.4 ms]
      [Choose CSet: 0.0 ms]
      [Ref Proc: 0.1 ms]
      [Ref Enq: 0.0 ms]
      [Redirty Cards: 0.1 ms]
      [Humongous Register: 0.0 ms]
      [Humongous Reclaim: 0.0 ms]
      [Free CSet: 0.0 ms]
   [Eden: 44.0M(44.0M)->0.0B(44.0M) Survivors: 7168.0K->7168.0K Heap: 81.0M(1024.0M)->40.8M(1024.0M)]
 [Times: user=0.01 sys=0.03, real=0.00 secs] 
2020-10-27T17:47:16.010-0800: 0.143: [GC pause (G1 Evacuation Pause) (young), 0.0056018 secs]
   [Parallel Time: 5.0 ms, GC Workers: 10]
      [GC Worker Start (ms): Min: 143.4, Avg: 143.5, Max: 143.6, Diff: 0.1]
      [Ext Root Scanning (ms): Min: 0.0, Avg: 0.1, Max: 0.2, Diff: 0.1, Sum: 0.7]
      [Update RS (ms): Min: 0.4, Avg: 0.4, Max: 0.4, Diff: 0.1, Sum: 4.1]
         [Processed Buffers: Min: 5, Avg: 6.8, Max: 9, Diff: 4, Sum: 68]
      [Scan RS (ms): Min: 0.0, Avg: 0.0, Max: 0.0, Diff: 0.0, Sum: 0.0]
      [Code Root Scanning (ms): Min: 0.0, Avg: 0.0, Max: 0.0, Diff: 0.0, Sum: 0.0]
      [Object Copy (ms): Min: 3.9, Avg: 4.1, Max: 4.3, Diff: 0.4, Sum: 41.3]
      [Termination (ms): Min: 0.0, Avg: 0.2, Max: 0.5, Diff: 0.5, Sum: 1.7]
         [Termination Attempts: Min: 1, Avg: 1.0, Max: 1, Diff: 0, Sum: 10]
      [GC Worker Other (ms): Min: 0.0, Avg: 0.0, Max: 0.0, Diff: 0.0, Sum: 0.1]
      [GC Worker Total (ms): Min: 4.7, Avg: 4.8, Max: 4.9, Diff: 0.2, Sum: 47.9]
      [GC Worker End (ms): Min: 148.3, Avg: 148.3, Max: 148.4, Diff: 0.2]
   [Code Root Fixup: 0.0 ms]
   [Code Root Purge: 0.0 ms]
   [Clear CT: 0.1 ms]
   [Other: 0.4 ms]
      [Choose CSet: 0.0 ms]
      [Ref Proc: 0.1 ms]
      [Ref Enq: 0.0 ms]
      [Redirty Cards: 0.2 ms]
      [Humongous Register: 0.0 ms]
      [Humongous Reclaim: 0.0 ms]
      [Free CSet: 0.0 ms]
   [Eden: 44.0M(44.0M)->0.0B(69.0M) Survivors: 7168.0K->7168.0K Heap: 100.5M(1024.0M)->63.2M(1024.0M)]
 [Times: user=0.01 sys=0.03, real=0.00 secs] 
2020-10-27T17:47:16.042-0800: 0.175: [GC pause (G1 Evacuation Pause) (young), 0.0090713 secs]
   [Parallel Time: 8.4 ms, GC Workers: 10]
      [GC Worker Start (ms): Min: 175.2, Avg: 175.2, Max: 175.3, Diff: 0.1]
      [Ext Root Scanning (ms): Min: 0.0, Avg: 0.1, Max: 0.2, Diff: 0.1, Sum: 0.7]
      [Update RS (ms): Min: 0.4, Avg: 0.5, Max: 0.5, Diff: 0.1, Sum: 4.6]
         [Processed Buffers: Min: 6, Avg: 7.4, Max: 10, Diff: 4, Sum: 74]
      [Scan RS (ms): Min: 0.0, Avg: 0.0, Max: 0.0, Diff: 0.0, Sum: 0.0]
      [Code Root Scanning (ms): Min: 0.0, Avg: 0.0, Max: 0.0, Diff: 0.0, Sum: 0.0]
      [Object Copy (ms): Min: 7.4, Avg: 7.5, Max: 7.6, Diff: 0.2, Sum: 75.0]
      [Termination (ms): Min: 0.0, Avg: 0.2, Max: 0.3, Diff: 0.3, Sum: 2.2]
         [Termination Attempts: Min: 1, Avg: 1.0, Max: 1, Diff: 0, Sum: 10]
      [GC Worker Other (ms): Min: 0.0, Avg: 0.0, Max: 0.0, Diff: 0.0, Sum: 0.1]
      [GC Worker Total (ms): Min: 8.1, Avg: 8.3, Max: 8.4, Diff: 0.3, Sum: 82.6]
      [GC Worker End (ms): Min: 183.4, Avg: 183.5, Max: 183.6, Diff: 0.2]
   [Code Root Fixup: 0.0 ms]
   [Code Root Purge: 0.0 ms]
   [Clear CT: 0.1 ms]
   [Other: 0.5 ms]
      [Choose CSet: 0.0 ms]
      [Ref Proc: 0.2 ms]
      [Ref Enq: 0.0 ms]
      [Redirty Cards: 0.1 ms]
      [Humongous Register: 0.0 ms]
      [Humongous Reclaim: 0.0 ms]
      [Free CSet: 0.0 ms]
   [Eden: 69.0M(69.0M)->0.0B(500.0M) Survivors: 7168.0K->10.0M Heap: 150.7M(1024.0M)->92.5M(1024.0M)]
 [Times: user=0.02 sys=0.05, real=0.01 secs] 
2020-10-27T17:47:16.309-0800: 0.442: [GC pause (G1 Evacuation Pause) (young), 0.0468138 secs]
   [Parallel Time: 45.4 ms, GC Workers: 10]
      [GC Worker Start (ms): Min: 442.7, Avg: 442.8, Max: 442.8, Diff: 0.1]
      [Ext Root Scanning (ms): Min: 0.0, Avg: 0.1, Max: 0.2, Diff: 0.1, Sum: 0.7]
      [Update RS (ms): Min: 0.1, Avg: 0.1, Max: 0.3, Diff: 0.2, Sum: 1.5]
         [Processed Buffers: Min: 0, Avg: 1.9, Max: 3, Diff: 3, Sum: 19]
      [Scan RS (ms): Min: 0.0, Avg: 0.0, Max: 0.1, Diff: 0.1, Sum: 0.5]
      [Code Root Scanning (ms): Min: 0.0, Avg: 0.0, Max: 0.0, Diff: 0.0, Sum: 0.1]
      [Object Copy (ms): Min: 44.3, Avg: 44.6, Max: 44.9, Diff: 0.6, Sum: 445.9]
      [Termination (ms): Min: 0.0, Avg: 0.3, Max: 0.6, Diff: 0.6, Sum: 3.2]
         [Termination Attempts: Min: 1, Avg: 1.7, Max: 4, Diff: 3, Sum: 17]
      [GC Worker Other (ms): Min: 0.0, Avg: 0.0, Max: 0.0, Diff: 0.0, Sum: 0.1]
      [GC Worker Total (ms): Min: 45.1, Avg: 45.2, Max: 45.2, Diff: 0.1, Sum: 451.9]
      [GC Worker End (ms): Min: 487.9, Avg: 488.0, Max: 488.0, Diff: 0.1]
   [Code Root Fixup: 0.0 ms]
   [Code Root Purge: 0.0 ms]
   [Clear CT: 0.3 ms]
   [Other: 1.2 ms]
      [Choose CSet: 0.0 ms]
      [Ref Proc: 0.3 ms]
      [Ref Enq: 0.0 ms]
      [Redirty Cards: 0.2 ms]
      [Humongous Register: 0.1 ms]
      [Humongous Reclaim: 0.3 ms]
      [Free CSet: 0.1 ms]
   [Eden: 499.0M(499.0M)->0.0B(32.0M) Survivors: 10.0M->64.0M Heap: 739.4M(1024.0M)->260.4M(1024.0M)]
 [Times: user=0.06 sys=0.28, real=0.05 secs] 
2020-10-27T17:47:16.362-0800: 0.496: [GC pause (G1 Evacuation Pause) (young), 0.0089312 secs]
   [Parallel Time: 8.2 ms, GC Workers: 10]
      [GC Worker Start (ms): Min: 495.6, Avg: 495.8, Max: 495.8, Diff: 0.2]
      [Ext Root Scanning (ms): Min: 0.0, Avg: 0.1, Max: 0.2, Diff: 0.2, Sum: 0.8]
      [Update RS (ms): Min: 0.1, Avg: 0.2, Max: 0.2, Diff: 0.1, Sum: 1.5]
         [Processed Buffers: Min: 0, Avg: 2.2, Max: 3, Diff: 3, Sum: 22]
      [Scan RS (ms): Min: 0.0, Avg: 0.0, Max: 0.0, Diff: 0.0, Sum: 0.1]
      [Code Root Scanning (ms): Min: 0.0, Avg: 0.0, Max: 0.0, Diff: 0.0, Sum: 0.0]
      [Object Copy (ms): Min: 7.4, Avg: 7.5, Max: 7.6, Diff: 0.2, Sum: 74.8]
      [Termination (ms): Min: 0.0, Avg: 0.2, Max: 0.4, Diff: 0.4, Sum: 2.3]
         [Termination Attempts: Min: 1, Avg: 1.0, Max: 1, Diff: 0, Sum: 10]
      [GC Worker Other (ms): Min: 0.0, Avg: 0.0, Max: 0.0, Diff: 0.0, Sum: 0.1]
      [GC Worker Total (ms): Min: 7.8, Avg: 8.0, Max: 8.2, Diff: 0.3, Sum: 79.6]
      [GC Worker End (ms): Min: 503.6, Avg: 503.7, Max: 503.8, Diff: 0.2]
   [Code Root Fixup: 0.0 ms]
   [Code Root Purge: 0.0 ms]
   [Clear CT: 0.1 ms]
   [Other: 0.6 ms]
      [Choose CSet: 0.0 ms]
      [Ref Proc: 0.2 ms]
      [Ref Enq: 0.0 ms]
      [Redirty Cards: 0.1 ms]
      [Humongous Register: 0.1 ms]
      [Humongous Reclaim: 0.1 ms]
      [Free CSet: 0.0 ms]
   [Eden: 32.0M(32.0M)->0.0B(164.0M) Survivors: 64.0M->10.0M Heap: 305.0M(1024.0M)->270.7M(1024.0M)]
 [Times: user=0.03 sys=0.03, real=0.01 secs] 
2020-10-27T17:47:16.401-0800: 0.534: [GC pause (G1 Evacuation Pause) (young), 0.0073739 secs]
   [Parallel Time: 6.6 ms, GC Workers: 10]
      [GC Worker Start (ms): Min: 534.5, Avg: 534.5, Max: 534.6, Diff: 0.1]
      [Ext Root Scanning (ms): Min: 0.0, Avg: 0.1, Max: 0.2, Diff: 0.1, Sum: 0.7]
      [Update RS (ms): Min: 0.2, Avg: 0.2, Max: 0.2, Diff: 0.0, Sum: 2.1]
         [Processed Buffers: Min: 0, Avg: 3.0, Max: 5, Diff: 5, Sum: 30]
      [Scan RS (ms): Min: 0.0, Avg: 0.0, Max: 0.0, Diff: 0.0, Sum: 0.1]
      [Code Root Scanning (ms): Min: 0.0, Avg: 0.0, Max: 0.0, Diff: 0.0, Sum: 0.0]
      [Object Copy (ms): Min: 5.8, Avg: 5.9, Max: 6.0, Diff: 0.2, Sum: 58.8]
      [Termination (ms): Min: 0.0, Avg: 0.2, Max: 0.4, Diff: 0.4, Sum: 1.7]
         [Termination Attempts: Min: 1, Avg: 1.0, Max: 1, Diff: 0, Sum: 10]
      [GC Worker Other (ms): Min: 0.0, Avg: 0.0, Max: 0.0, Diff: 0.0, Sum: 0.1]
      [GC Worker Total (ms): Min: 6.3, Avg: 6.4, Max: 6.6, Diff: 0.3, Sum: 63.5]
      [GC Worker End (ms): Min: 540.8, Avg: 540.9, Max: 541.1, Diff: 0.2]
   [Code Root Fixup: 0.0 ms]
   [Code Root Purge: 0.0 ms]
   [Clear CT: 0.1 ms]
   [Other: 0.6 ms]
      [Choose CSet: 0.0 ms]
      [Ref Proc: 0.2 ms]
      [Ref Enq: 0.0 ms]
      [Redirty Cards: 0.1 ms]
      [Humongous Register: 0.1 ms]
      [Humongous Reclaim: 0.1 ms]
      [Free CSet: 0.1 ms]
   [Eden: 164.0M(164.0M)->0.0B(199.0M) Survivors: 10.0M->22.0M Heap: 471.3M(1024.0M)->320.9M(1024.0M)]
 [Times: user=0.03 sys=0.02, real=0.00 secs] 
2020-10-27T17:47:16.447-0800: 0.580: [GC pause (G1 Evacuation Pause) (young), 0.0154657 secs]
   [Parallel Time: 14.5 ms, GC Workers: 10]
      [GC Worker Start (ms): Min: 580.3, Avg: 580.4, Max: 580.4, Diff: 0.1]
      [Ext Root Scanning (ms): Min: 0.0, Avg: 0.1, Max: 0.2, Diff: 0.1, Sum: 0.7]
      [Update RS (ms): Min: 0.1, Avg: 0.2, Max: 0.2, Diff: 0.1, Sum: 1.6]
         [Processed Buffers: Min: 0, Avg: 2.2, Max: 3, Diff: 3, Sum: 22]
      [Scan RS (ms): Min: 0.0, Avg: 0.0, Max: 0.0, Diff: 0.0, Sum: 0.2]
      [Code Root Scanning (ms): Min: 0.0, Avg: 0.0, Max: 0.0, Diff: 0.0, Sum: 0.0]
      [Object Copy (ms): Min: 13.8, Avg: 13.8, Max: 14.0, Diff: 0.2, Sum: 138.4]
      [Termination (ms): Min: 0.0, Avg: 0.2, Max: 0.4, Diff: 0.4, Sum: 1.8]
         [Termination Attempts: Min: 1, Avg: 1.5, Max: 3, Diff: 2, Sum: 15]
      [GC Worker Other (ms): Min: 0.0, Avg: 0.0, Max: 0.0, Diff: 0.0, Sum: 0.1]
      [GC Worker Total (ms): Min: 14.2, Avg: 14.3, Max: 14.4, Diff: 0.2, Sum: 142.8]
      [GC Worker End (ms): Min: 594.6, Avg: 594.7, Max: 594.8, Diff: 0.2]
   [Code Root Fixup: 0.0 ms]
   [Code Root Purge: 0.0 ms]
   [Clear CT: 0.2 ms]
   [Other: 0.7 ms]
      [Choose CSet: 0.0 ms]
      [Ref Proc: 0.3 ms]
      [Ref Enq: 0.0 ms]
      [Redirty Cards: 0.1 ms]
      [Humongous Register: 0.1 ms]
      [Humongous Reclaim: 0.1 ms]
      [Free CSet: 0.1 ms]
   [Eden: 199.0M(199.0M)->0.0B(270.0M) Survivors: 22.0M->28.0M Heap: 563.2M(1024.0M)->378.1M(1024.0M)]
 [Times: user=0.03 sys=0.09, real=0.02 secs] 
2020-10-27T17:47:16.493-0800: 0.626: [GC pause (G1 Humongous Allocation) (young) (initial-mark), 0.0071678 secs]
   [Parallel Time: 6.3 ms, GC Workers: 10]
      [GC Worker Start (ms): Min: 626.3, Avg: 626.4, Max: 626.5, Diff: 0.1]
      [Ext Root Scanning (ms): Min: 0.0, Avg: 0.1, Max: 0.2, Diff: 0.1, Sum: 0.7]
      [Update RS (ms): Min: 0.1, Avg: 0.2, Max: 0.2, Diff: 0.1, Sum: 1.8]
         [Processed Buffers: Min: 0, Avg: 2.7, Max: 3, Diff: 3, Sum: 27]
      [Scan RS (ms): Min: 0.0, Avg: 0.0, Max: 0.0, Diff: 0.0, Sum: 0.1]
      [Code Root Scanning (ms): Min: 0.0, Avg: 0.0, Max: 0.0, Diff: 0.0, Sum: 0.0]
      [Object Copy (ms): Min: 5.7, Avg: 5.7, Max: 5.8, Diff: 0.1, Sum: 57.5]
      [Termination (ms): Min: 0.0, Avg: 0.1, Max: 0.2, Diff: 0.2, Sum: 1.5]
         [Termination Attempts: Min: 1, Avg: 1.0, Max: 1, Diff: 0, Sum: 10]
      [GC Worker Other (ms): Min: 0.0, Avg: 0.0, Max: 0.0, Diff: 0.0, Sum: 0.1]
      [GC Worker Total (ms): Min: 6.1, Avg: 6.2, Max: 6.2, Diff: 0.2, Sum: 61.7]
      [GC Worker End (ms): Min: 632.6, Avg: 632.6, Max: 632.6, Diff: 0.1]
   [Code Root Fixup: 0.0 ms]
   [Code Root Purge: 0.0 ms]
   [Clear CT: 0.1 ms]
   [Other: 0.7 ms]
      [Choose CSet: 0.0 ms]
      [Ref Proc: 0.2 ms]
      [Ref Enq: 0.0 ms]
      [Redirty Cards: 0.1 ms]
      [Humongous Register: 0.1 ms]
      [Humongous Reclaim: 0.1 ms]
      [Free CSet: 0.1 ms]
   [Eden: 179.0M(270.0M)->0.0B(326.0M) Survivors: 28.0M->38.0M Heap: 595.9M(1024.0M)->424.7M(1024.0M)]
 [Times: user=0.05 sys=0.01, real=0.01 secs] 
2020-10-27T17:47:16.500-0800: 0.633: [GC concurrent-root-region-scan-start]
2020-10-27T17:47:16.500-0800: 0.634: [GC concurrent-root-region-scan-end, 0.0001155 secs]
2020-10-27T17:47:16.500-0800: 0.634: [GC concurrent-mark-start]
2020-10-27T17:47:16.503-0800: 0.636: [GC concurrent-mark-end, 0.0023486 secs]
2020-10-27T17:47:16.503-0800: 0.636: [GC remark 2020-10-27T17:47:16.503-0800: 0.636: [Finalize Marking, 0.0002920 secs] 2020-10-27T17:47:16.503-0800: 0.636: [GC ref-proc, 0.0000496 secs] 2020-10-27T17:47:16.503-0800: 0.636: [Unloading, 0.0004436 secs], 0.0013144 secs]
 [Times: user=0.00 sys=0.00, real=0.00 secs] 
2020-10-27T17:47:16.504-0800: 0.637: [GC cleanup 441M->433M(1024M), 0.0008699 secs]
 [Times: user=0.00 sys=0.00, real=0.00 secs] 
2020-10-27T17:47:16.505-0800: 0.638: [GC concurrent-cleanup-start]
2020-10-27T17:47:16.505-0800: 0.638: [GC concurrent-cleanup-end, 0.0000145 secs]
2020-10-27T17:47:16.560-0800: 0.693: [GC pause (G1 Evacuation Pause) (young) (to-space exhausted), 0.0105446 secs]
   [Parallel Time: 9.1 ms, GC Workers: 10]
      [GC Worker Start (ms): Min: 693.5, Avg: 693.6, Max: 693.6, Diff: 0.1]
      [Ext Root Scanning (ms): Min: 0.0, Avg: 0.1, Max: 0.2, Diff: 0.1, Sum: 0.7]
      [Update RS (ms): Min: 0.1, Avg: 0.2, Max: 0.4, Diff: 0.3, Sum: 1.7]
         [Processed Buffers: Min: 0, Avg: 2.2, Max: 5, Diff: 5, Sum: 22]
      [Scan RS (ms): Min: 0.0, Avg: 0.0, Max: 0.0, Diff: 0.0, Sum: 0.3]
      [Code Root Scanning (ms): Min: 0.0, Avg: 0.0, Max: 0.0, Diff: 0.0, Sum: 0.1]
      [Object Copy (ms): Min: 8.0, Avg: 8.2, Max: 8.6, Diff: 0.6, Sum: 82.2]
      [Termination (ms): Min: 0.0, Avg: 0.4, Max: 0.5, Diff: 0.5, Sum: 4.1]
         [Termination Attempts: Min: 1, Avg: 1.4, Max: 2, Diff: 1, Sum: 14]
      [GC Worker Other (ms): Min: 0.0, Avg: 0.0, Max: 0.0, Diff: 0.0, Sum: 0.1]
      [GC Worker Total (ms): Min: 8.8, Avg: 8.9, Max: 9.1, Diff: 0.3, Sum: 89.2]
      [GC Worker End (ms): Min: 702.4, Avg: 702.5, Max: 702.6, Diff: 0.2]
   [Code Root Fixup: 0.0 ms]
   [Code Root Purge: 0.0 ms]
   [Clear CT: 0.2 ms]
   [Other: 1.2 ms]
      [Evacuation Failure: 0.5 ms]
      [Choose CSet: 0.0 ms]
      [Ref Proc: 0.3 ms]
      [Ref Enq: 0.0 ms]
      [Redirty Cards: 0.2 ms]
      [Humongous Register: 0.1 ms]
      [Humongous Reclaim: 0.1 ms]
      [Free CSet: 0.1 ms]
   [Eden: 326.0M(326.0M)->0.0B(6144.0K) Survivors: 38.0M->46.0M Heap: 820.7M(1024.0M)->550.8M(1024.0M)]
 [Times: user=0.07 sys=0.01, real=0.01 secs] 
2020-10-27T17:47:16.572-0800: 0.705: [GC pause (G1 Evacuation Pause) (mixed), 0.0090610 secs]
   [Parallel Time: 8.4 ms, GC Workers: 10]
      [GC Worker Start (ms): Min: 705.4, Avg: 705.5, Max: 705.5, Diff: 0.2]
      [Ext Root Scanning (ms): Min: 0.0, Avg: 0.1, Max: 0.2, Diff: 0.2, Sum: 0.9]
      [Update RS (ms): Min: 0.3, Avg: 0.3, Max: 0.3, Diff: 0.0, Sum: 2.8]
         [Processed Buffers: Min: 2, Avg: 3.2, Max: 5, Diff: 3, Sum: 32]
      [Scan RS (ms): Min: 0.0, Avg: 0.0, Max: 0.1, Diff: 0.1, Sum: 0.5]
      [Code Root Scanning (ms): Min: 0.0, Avg: 0.0, Max: 0.0, Diff: 0.0, Sum: 0.0]
      [Object Copy (ms): Min: 7.5, Avg: 7.6, Max: 7.7, Diff: 0.2, Sum: 76.0]
      [Termination (ms): Min: 0.0, Avg: 0.1, Max: 0.2, Diff: 0.2, Sum: 1.2]
         [Termination Attempts: Min: 1, Avg: 1.2, Max: 2, Diff: 1, Sum: 12]
      [GC Worker Other (ms): Min: 0.0, Avg: 0.0, Max: 0.0, Diff: 0.0, Sum: 0.1]
      [GC Worker Total (ms): Min: 8.0, Avg: 8.1, Max: 8.3, Diff: 0.3, Sum: 81.4]
      [GC Worker End (ms): Min: 713.6, Avg: 713.6, Max: 713.7, Diff: 0.1]
   [Code Root Fixup: 0.0 ms]
   [Code Root Purge: 0.0 ms]
   [Clear CT: 0.1 ms]
   [Other: 0.6 ms]
      [Choose CSet: 0.0 ms]
      [Ref Proc: 0.2 ms]
      [Ref Enq: 0.0 ms]
      [Redirty Cards: 0.1 ms]
      [Humongous Register: 0.1 ms]
      [Humongous Reclaim: 0.0 ms]
      [Free CSet: 0.1 ms]
   [Eden: 6144.0K(6144.0K)->0.0B(49.0M) Survivors: 46.0M->2048.0K Heap: 560.1M(1024.0M)->470.3M(1024.0M)]
 [Times: user=0.03 sys=0.04, real=0.01 secs] 
2020-10-27T17:47:16.590-0800: 0.723: [GC pause (G1 Evacuation Pause) (mixed), 0.0028353 secs]
   [Parallel Time: 2.1 ms, GC Workers: 10]
      [GC Worker Start (ms): Min: 723.3, Avg: 723.4, Max: 723.5, Diff: 0.1]
      [Ext Root Scanning (ms): Min: 0.0, Avg: 0.1, Max: 0.2, Diff: 0.2, Sum: 1.0]
      [Update RS (ms): Min: 0.2, Avg: 0.3, Max: 0.4, Diff: 0.2, Sum: 2.6]
         [Processed Buffers: Min: 0, Avg: 2.7, Max: 3, Diff: 3, Sum: 27]
      [Scan RS (ms): Min: 0.0, Avg: 0.0, Max: 0.0, Diff: 0.0, Sum: 0.1]
      [Code Root Scanning (ms): Min: 0.0, Avg: 0.0, Max: 0.0, Diff: 0.0, Sum: 0.0]
      [Object Copy (ms): Min: 1.1, Avg: 1.4, Max: 1.4, Diff: 0.3, Sum: 13.5]
      [Termination (ms): Min: 0.0, Avg: 0.1, Max: 0.2, Diff: 0.2, Sum: 1.2]
         [Termination Attempts: Min: 1, Avg: 1.0, Max: 1, Diff: 0, Sum: 10]
      [GC Worker Other (ms): Min: 0.0, Avg: 0.0, Max: 0.0, Diff: 0.0, Sum: 0.1]
      [GC Worker Total (ms): Min: 1.8, Avg: 1.9, Max: 2.0, Diff: 0.2, Sum: 18.6]
      [GC Worker End (ms): Min: 725.2, Avg: 725.3, Max: 725.3, Diff: 0.1]
   [Code Root Fixup: 0.0 ms]
   [Code Root Purge: 0.0 ms]
   [Clear CT: 0.2 ms]
   [Other: 0.6 ms]
      [Choose CSet: 0.0 ms]
      [Ref Proc: 0.2 ms]
      [Ref Enq: 0.0 ms]
      [Redirty Cards: 0.1 ms]
      [Humongous Register: 0.1 ms]
      [Humongous Reclaim: 0.1 ms]
      [Free CSet: 0.0 ms]
   [Eden: 49.0M(49.0M)->0.0B(297.0M) Survivors: 2048.0K->7168.0K Heap: 531.9M(1024.0M)->478.6M(1024.0M)]
 [Times: user=0.02 sys=0.00, real=0.00 secs] 
2020-10-27T17:47:16.593-0800: 0.727: [GC pause (G1 Humongous Allocation) (young) (initial-mark), 0.0019536 secs]
   [Parallel Time: 0.9 ms, GC Workers: 10]
      [GC Worker Start (ms): Min: 726.9, Avg: 727.0, Max: 727.1, Diff: 0.1]
      [Ext Root Scanning (ms): Min: 0.1, Avg: 0.1, Max: 0.2, Diff: 0.1, Sum: 1.1]
      [Update RS (ms): Min: 0.0, Avg: 0.1, Max: 0.1, Diff: 0.1, Sum: 0.5]
         [Processed Buffers: Min: 1, Avg: 1.0, Max: 1, Diff: 0, Sum: 10]
      [Scan RS (ms): Min: 0.0, Avg: 0.0, Max: 0.0, Diff: 0.0, Sum: 0.0]
      [Code Root Scanning (ms): Min: 0.0, Avg: 0.0, Max: 0.0, Diff: 0.0, Sum: 0.0]
      [Object Copy (ms): Min: 0.4, Avg: 0.5, Max: 0.6, Diff: 0.2, Sum: 4.9]
      [Termination (ms): Min: 0.0, Avg: 0.1, Max: 0.1, Diff: 0.1, Sum: 0.8]
         [Termination Attempts: Min: 1, Avg: 1.0, Max: 1, Diff: 0, Sum: 10]
      [GC Worker Other (ms): Min: 0.0, Avg: 0.0, Max: 0.0, Diff: 0.0, Sum: 0.1]
      [GC Worker Total (ms): Min: 0.7, Avg: 0.7, Max: 0.8, Diff: 0.2, Sum: 7.4]
      [GC Worker End (ms): Min: 727.7, Avg: 727.8, Max: 727.8, Diff: 0.1]
   [Code Root Fixup: 0.0 ms]
   [Code Root Purge: 0.0 ms]
   [Clear CT: 0.2 ms]
   [Other: 0.9 ms]
      [Choose CSet: 0.0 ms]
      [Ref Proc: 0.5 ms]
      [Ref Enq: 0.0 ms]
      [Redirty Cards: 0.1 ms]
      [Humongous Register: 0.1 ms]
      [Humongous Reclaim: 0.0 ms]
      [Free CSet: 0.0 ms]
   [Eden: 3072.0K(297.0M)->0.0B(311.0M) Survivors: 7168.0K->8192.0K Heap: 481.6M(1024.0M)->479.3M(1024.0M)]
 [Times: user=0.01 sys=0.00, real=0.00 secs] 
2020-10-27T17:47:16.595-0800: 0.729: [GC concurrent-root-region-scan-start]
2020-10-27T17:47:16.596-0800: 0.729: [GC concurrent-root-region-scan-end, 0.0001542 secs]
2020-10-27T17:47:16.596-0800: 0.729: [GC concurrent-mark-start]
2020-10-27T17:47:16.597-0800: 0.731: [GC concurrent-mark-end, 0.0016115 secs]
2020-10-27T17:47:16.597-0800: 0.731: [GC remark 2020-10-27T17:47:16.597-0800: 0.731: [Finalize Marking, 0.0003184 secs] 2020-10-27T17:47:16.598-0800: 0.731: [GC ref-proc, 0.0000559 secs] 2020-10-27T17:47:16.598-0800: 0.731: [Unloading, 0.0005324 secs], 0.0017300 secs]
 [Times: user=0.01 sys=0.00, real=0.00 secs] 
2020-10-27T17:47:16.599-0800: 0.733: [GC cleanup 488M->481M(1024M), 0.0009303 secs]
 [Times: user=0.00 sys=0.00, real=0.01 secs] 
2020-10-27T17:47:16.600-0800: 0.734: [GC concurrent-cleanup-start]
2020-10-27T17:47:16.600-0800: 0.734: [GC concurrent-cleanup-end, 0.0000150 secs]
2020-10-27T17:47:16.657-0800: 0.790: [GC pause (G1 Evacuation Pause) (young) (to-space exhausted), 0.0068445 secs]
   [Parallel Time: 5.8 ms, GC Workers: 10]
      [GC Worker Start (ms): Min: 790.4, Avg: 790.5, Max: 790.5, Diff: 0.1]
      [Ext Root Scanning (ms): Min: 0.0, Avg: 0.1, Max: 0.2, Diff: 0.1, Sum: 0.7]
      [Update RS (ms): Min: 0.2, Avg: 0.2, Max: 0.3, Diff: 0.1, Sum: 2.1]
         [Processed Buffers: Min: 0, Avg: 2.8, Max: 4, Diff: 4, Sum: 28]
      [Scan RS (ms): Min: 0.0, Avg: 0.0, Max: 0.1, Diff: 0.1, Sum: 0.2]
      [Code Root Scanning (ms): Min: 0.0, Avg: 0.0, Max: 0.0, Diff: 0.0, Sum: 0.0]
      [Object Copy (ms): Min: 5.2, Avg: 5.3, Max: 5.3, Diff: 0.1, Sum: 52.6]
      [Termination (ms): Min: 0.0, Avg: 0.0, Max: 0.0, Diff: 0.0, Sum: 0.2]
         [Termination Attempts: Min: 1, Avg: 1.1, Max: 2, Diff: 1, Sum: 11]
      [GC Worker Other (ms): Min: 0.0, Avg: 0.0, Max: 0.0, Diff: 0.0, Sum: 0.2]
      [GC Worker Total (ms): Min: 5.6, Avg: 5.6, Max: 5.7, Diff: 0.1, Sum: 56.1]
      [GC Worker End (ms): Min: 796.1, Avg: 796.1, Max: 796.1, Diff: 0.0]
   [Code Root Fixup: 0.0 ms]
   [Code Root Purge: 0.0 ms]
   [Clear CT: 0.2 ms]
   [Other: 0.9 ms]
      [Evacuation Failure: 0.3 ms]
      [Choose CSet: 0.0 ms]
      [Ref Proc: 0.1 ms]
      [Ref Enq: 0.0 ms]
      [Redirty Cards: 0.1 ms]
      [Humongous Register: 0.1 ms]
      [Humongous Reclaim: 0.1 ms]
      [Free CSet: 0.1 ms]
   [Eden: 311.0M(311.0M)->0.0B(11.0M) Survivors: 8192.0K->40.0M Heap: 857.9M(1024.0M)->631.5M(1024.0M)]
 [Times: user=0.05 sys=0.00, real=0.01 secs] 
2020-10-27T17:47:16.665-0800: 0.799: [GC pause (G1 Evacuation Pause) (mixed), 0.0074306 secs]
   [Parallel Time: 6.5 ms, GC Workers: 10]
      [GC Worker Start (ms): Min: 798.8, Avg: 798.9, Max: 799.0, Diff: 0.1]
      [Ext Root Scanning (ms): Min: 0.1, Avg: 0.1, Max: 0.2, Diff: 0.1, Sum: 1.3]
      [Update RS (ms): Min: 0.1, Avg: 0.1, Max: 0.2, Diff: 0.1, Sum: 1.3]
         [Processed Buffers: Min: 2, Avg: 2.3, Max: 3, Diff: 1, Sum: 23]
      [Scan RS (ms): Min: 0.0, Avg: 0.0, Max: 0.1, Diff: 0.1, Sum: 0.3]
      [Code Root Scanning (ms): Min: 0.0, Avg: 0.0, Max: 0.0, Diff: 0.0, Sum: 0.0]
      [Object Copy (ms): Min: 5.8, Avg: 5.9, Max: 6.0, Diff: 0.2, Sum: 58.6]
      [Termination (ms): Min: 0.0, Avg: 0.2, Max: 0.3, Diff: 0.3, Sum: 1.6]
         [Termination Attempts: Min: 1, Avg: 1.0, Max: 1, Diff: 0, Sum: 10]
      [GC Worker Other (ms): Min: 0.0, Avg: 0.0, Max: 0.0, Diff: 0.0, Sum: 0.1]
      [GC Worker Total (ms): Min: 6.3, Avg: 6.3, Max: 6.4, Diff: 0.1, Sum: 63.2]
      [GC Worker End (ms): Min: 805.2, Avg: 805.2, Max: 805.3, Diff: 0.1]
   [Code Root Fixup: 0.0 ms]
   [Code Root Purge: 0.0 ms]
   [Clear CT: 0.2 ms]
   [Other: 0.7 ms]
      [Choose CSet: 0.0 ms]
      [Ref Proc: 0.2 ms]
      [Ref Enq: 0.0 ms]
      [Redirty Cards: 0.1 ms]
      [Humongous Register: 0.1 ms]
      [Humongous Reclaim: 0.0 ms]
      [Free CSet: 0.1 ms]
   [Eden: 11.0M(11.0M)->0.0B(46.0M) Survivors: 40.0M->5120.0K Heap: 643.7M(1024.0M)->553.1M(1024.0M)]
 [Times: user=0.03 sys=0.02, real=0.01 secs] 
2020-10-27T17:47:16.683-0800: 0.816: [GC pause (G1 Evacuation Pause) (mixed), 0.0038062 secs]
   [Parallel Time: 3.1 ms, GC Workers: 10]
      [GC Worker Start (ms): Min: 816.6, Avg: 816.6, Max: 816.7, Diff: 0.1]
      [Ext Root Scanning (ms): Min: 0.0, Avg: 0.1, Max: 0.2, Diff: 0.1, Sum: 1.0]
      [Update RS (ms): Min: 0.2, Avg: 0.3, Max: 0.5, Diff: 0.3, Sum: 2.6]
         [Processed Buffers: Min: 0, Avg: 2.6, Max: 3, Diff: 3, Sum: 26]
      [Scan RS (ms): Min: 0.0, Avg: 0.0, Max: 0.0, Diff: 0.0, Sum: 0.1]
      [Code Root Scanning (ms): Min: 0.0, Avg: 0.0, Max: 0.0, Diff: 0.0, Sum: 0.0]
      [Object Copy (ms): Min: 1.8, Avg: 2.1, Max: 2.3, Diff: 0.5, Sum: 21.2]
      [Termination (ms): Min: 0.0, Avg: 0.2, Max: 0.5, Diff: 0.5, Sum: 2.2]
         [Termination Attempts: Min: 1, Avg: 1.0, Max: 1, Diff: 0, Sum: 10]
      [GC Worker Other (ms): Min: 0.0, Avg: 0.0, Max: 0.0, Diff: 0.0, Sum: 0.1]
      [GC Worker Total (ms): Min: 2.7, Avg: 2.7, Max: 2.8, Diff: 0.2, Sum: 27.4]
      [GC Worker End (ms): Min: 819.3, Avg: 819.4, Max: 819.6, Diff: 0.2]
   [Code Root Fixup: 0.0 ms]
   [Code Root Purge: 0.0 ms]
   [Clear CT: 0.1 ms]
   [Other: 0.6 ms]
      [Choose CSet: 0.0 ms]
      [Ref Proc: 0.2 ms]
      [Ref Enq: 0.0 ms]
      [Redirty Cards: 0.1 ms]
      [Humongous Register: 0.1 ms]
      [Humongous Reclaim: 0.0 ms]
      [Free CSet: 0.0 ms]
   [Eden: 46.0M(46.0M)->0.0B(248.0M) Survivors: 5120.0K->7168.0K Heap: 612.1M(1024.0M)->552.9M(1024.0M)]
 [Times: user=0.02 sys=0.01, real=0.00 secs] 
2020-10-27T17:47:16.687-0800: 0.821: [GC pause (G1 Humongous Allocation) (young) (initial-mark), 0.0017108 secs]
   [Parallel Time: 1.0 ms, GC Workers: 10]
      [GC Worker Start (ms): Min: 820.7, Avg: 820.8, Max: 820.9, Diff: 0.1]
      [Ext Root Scanning (ms): Min: 0.1, Avg: 0.1, Max: 0.2, Diff: 0.1, Sum: 1.2]
      [Update RS (ms): Min: 0.0, Avg: 0.1, Max: 0.1, Diff: 0.1, Sum: 0.6]
         [Processed Buffers: Min: 1, Avg: 1.1, Max: 2, Diff: 1, Sum: 11]
      [Scan RS (ms): Min: 0.0, Avg: 0.0, Max: 0.0, Diff: 0.0, Sum: 0.0]
      [Code Root Scanning (ms): Min: 0.0, Avg: 0.0, Max: 0.0, Diff: 0.0, Sum: 0.0]
      [Object Copy (ms): Min: 0.5, Avg: 0.5, Max: 0.6, Diff: 0.1, Sum: 5.2]
      [Termination (ms): Min: 0.0, Avg: 0.1, Max: 0.1, Diff: 0.1, Sum: 0.6]
         [Termination Attempts: Min: 1, Avg: 1.0, Max: 1, Diff: 0, Sum: 10]
      [GC Worker Other (ms): Min: 0.0, Avg: 0.0, Max: 0.0, Diff: 0.0, Sum: 0.1]
      [GC Worker Total (ms): Min: 0.7, Avg: 0.8, Max: 0.8, Diff: 0.1, Sum: 7.7]
      [GC Worker End (ms): Min: 821.6, Avg: 821.6, Max: 821.6, Diff: 0.1]
   [Code Root Fixup: 0.0 ms]
   [Code Root Purge: 0.0 ms]
   [Clear CT: 0.1 ms]
   [Other: 0.6 ms]
      [Choose CSet: 0.0 ms]
      [Ref Proc: 0.3 ms]
      [Ref Enq: 0.0 ms]
      [Redirty Cards: 0.1 ms]
      [Humongous Register: 0.1 ms]
      [Humongous Reclaim: 0.0 ms]
      [Free CSet: 0.0 ms]
   [Eden: 3072.0K(248.0M)->0.0B(231.0M) Survivors: 7168.0K->9216.0K Heap: 555.8M(1024.0M)->554.7M(1024.0M)]
 [Times: user=0.01 sys=0.00, real=0.00 secs] 
2020-10-27T17:47:16.689-0800: 0.822: [GC concurrent-root-region-scan-start]
2020-10-27T17:47:16.689-0800: 0.823: [GC concurrent-root-region-scan-end, 0.0000761 secs]
2020-10-27T17:47:16.689-0800: 0.823: [GC concurrent-mark-start]
2020-10-27T17:47:16.690-0800: 0.824: [GC concurrent-mark-end, 0.0010357 secs]
2020-10-27T17:47:16.690-0800: 0.824: [GC remark 2020-10-27T17:47:16.690-0800: 0.824: [Finalize Marking, 0.0003075 secs] 2020-10-27T17:47:16.691-0800: 0.824: [GC ref-proc, 0.0000538 secs] 2020-10-27T17:47:16.691-0800: 0.824: [Unloading, 0.0004442 secs], 0.0014976 secs]
 [Times: user=0.01 sys=0.00, real=0.00 secs] 
2020-10-27T17:47:16.692-0800: 0.825: [GC cleanup 563M->557M(1024M), 0.0008824 secs]
 [Times: user=0.00 sys=0.00, real=0.00 secs] 
2020-10-27T17:47:16.693-0800: 0.826: [GC concurrent-cleanup-start]
2020-10-27T17:47:16.693-0800: 0.826: [GC concurrent-cleanup-end, 0.0000126 secs]
2020-10-27T17:47:16.739-0800: 0.873: [GC pause (G1 Evacuation Pause) (young), 0.0064682 secs]
   [Parallel Time: 5.6 ms, GC Workers: 10]
      [GC Worker Start (ms): Min: 872.7, Avg: 872.8, Max: 872.9, Diff: 0.1]
      [Ext Root Scanning (ms): Min: 0.0, Avg: 0.1, Max: 0.2, Diff: 0.1, Sum: 0.8]
      [Update RS (ms): Min: 0.2, Avg: 0.2, Max: 0.3, Diff: 0.1, Sum: 2.4]
         [Processed Buffers: Min: 0, Avg: 3.3, Max: 5, Diff: 5, Sum: 33]
      [Scan RS (ms): Min: 0.0, Avg: 0.0, Max: 0.0, Diff: 0.0, Sum: 0.2]
      [Code Root Scanning (ms): Min: 0.0, Avg: 0.0, Max: 0.0, Diff: 0.0, Sum: 0.0]
      [Object Copy (ms): Min: 4.9, Avg: 5.0, Max: 5.0, Diff: 0.1, Sum: 49.8]
      [Termination (ms): Min: 0.0, Avg: 0.1, Max: 0.1, Diff: 0.1, Sum: 0.7]
         [Termination Attempts: Min: 1, Avg: 1.0, Max: 1, Diff: 0, Sum: 10]
      [GC Worker Other (ms): Min: 0.0, Avg: 0.0, Max: 0.0, Diff: 0.0, Sum: 0.1]
      [GC Worker Total (ms): Min: 5.3, Avg: 5.4, Max: 5.5, Diff: 0.1, Sum: 54.1]
      [GC Worker End (ms): Min: 878.2, Avg: 878.2, Max: 878.2, Diff: 0.0]
   [Code Root Fixup: 0.0 ms]
   [Code Root Purge: 0.0 ms]
   [Clear CT: 0.2 ms]
   [Other: 0.7 ms]
      [Choose CSet: 0.0 ms]
      [Ref Proc: 0.3 ms]
      [Ref Enq: 0.0 ms]
      [Redirty Cards: 0.1 ms]
      [Humongous Register: 0.1 ms]
      [Humongous Reclaim: 0.1 ms]
      [Free CSet: 0.1 ms]
   [Eden: 231.0M(231.0M)->0.0B(21.0M) Survivors: 9216.0K->30.0M Heap: 838.2M(1024.0M)->615.1M(1024.0M)]
 [Times: user=0.05 sys=0.00, real=0.01 secs] 
2020-10-27T17:47:16.750-0800: 0.884: [GC pause (G1 Evacuation Pause) (mixed), 0.0051898 secs]
   [Parallel Time: 4.4 ms, GC Workers: 10]
      [GC Worker Start (ms): Min: 883.9, Avg: 884.0, Max: 884.1, Diff: 0.1]
      [Ext Root Scanning (ms): Min: 0.1, Avg: 0.1, Max: 0.2, Diff: 0.1, Sum: 1.1]
      [Update RS (ms): Min: 0.3, Avg: 0.3, Max: 0.3, Diff: 0.0, Sum: 2.9]
         [Processed Buffers: Min: 1, Avg: 3.0, Max: 4, Diff: 3, Sum: 30]
      [Scan RS (ms): Min: 0.0, Avg: 0.0, Max: 0.0, Diff: 0.0, Sum: 0.3]
      [Code Root Scanning (ms): Min: 0.0, Avg: 0.0, Max: 0.0, Diff: 0.0, Sum: 0.0]
      [Object Copy (ms): Min: 3.7, Avg: 3.8, Max: 3.8, Diff: 0.1, Sum: 37.5]
      [Termination (ms): Min: 0.0, Avg: 0.1, Max: 0.1, Diff: 0.1, Sum: 0.7]
         [Termination Attempts: Min: 1, Avg: 1.0, Max: 1, Diff: 0, Sum: 10]
      [GC Worker Other (ms): Min: 0.0, Avg: 0.0, Max: 0.0, Diff: 0.0, Sum: 0.1]
      [GC Worker Total (ms): Min: 4.2, Avg: 4.3, Max: 4.4, Diff: 0.2, Sum: 42.5]
      [GC Worker End (ms): Min: 888.3, Avg: 888.3, Max: 888.3, Diff: 0.0]
   [Code Root Fixup: 0.0 ms]
   [Code Root Purge: 0.0 ms]
   [Clear CT: 0.1 ms]
   [Other: 0.7 ms]
      [Choose CSet: 0.0 ms]
      [Ref Proc: 0.2 ms]
      [Ref Enq: 0.0 ms]
      [Redirty Cards: 0.1 ms]
      [Humongous Register: 0.1 ms]
      [Humongous Reclaim: 0.0 ms]
      [Free CSet: 0.1 ms]
   [Eden: 21.0M(21.0M)->0.0B(44.0M) Survivors: 30.0M->7168.0K Heap: 641.0M(1024.0M)->526.5M(1024.0M)]
 [Times: user=0.02 sys=0.01, real=0.00 secs] 
2020-10-27T17:47:16.764-0800: 0.897: [GC pause (G1 Evacuation Pause) (mixed), 0.0060752 secs]
   [Parallel Time: 5.0 ms, GC Workers: 10]
      [GC Worker Start (ms): Min: 897.1, Avg: 897.2, Max: 897.3, Diff: 0.2]
      [Ext Root Scanning (ms): Min: 0.0, Avg: 0.1, Max: 0.2, Diff: 0.2, Sum: 0.9]
      [Update RS (ms): Min: 0.3, Avg: 0.4, Max: 0.4, Diff: 0.1, Sum: 3.6]
         [Processed Buffers: Min: 1, Avg: 3.8, Max: 5, Diff: 4, Sum: 38]
      [Scan RS (ms): Min: 0.0, Avg: 0.0, Max: 0.1, Diff: 0.1, Sum: 0.4]
      [Code Root Scanning (ms): Min: 0.0, Avg: 0.0, Max: 0.0, Diff: 0.0, Sum: 0.0]
      [Object Copy (ms): Min: 4.2, Avg: 4.3, Max: 4.3, Diff: 0.1, Sum: 42.6]
      [Termination (ms): Min: 0.0, Avg: 0.1, Max: 0.1, Diff: 0.1, Sum: 1.0]
         [Termination Attempts: Min: 1, Avg: 1.0, Max: 1, Diff: 0, Sum: 10]
      [GC Worker Other (ms): Min: 0.0, Avg: 0.0, Max: 0.0, Diff: 0.0, Sum: 0.1]
      [GC Worker Total (ms): Min: 4.8, Avg: 4.9, Max: 5.0, Diff: 0.2, Sum: 48.6]
      [GC Worker End (ms): Min: 902.1, Avg: 902.1, Max: 902.1, Diff: 0.1]
   [Code Root Fixup: 0.0 ms]
   [Code Root Purge: 0.0 ms]
   [Clear CT: 0.2 ms]
   [Other: 0.9 ms]
      [Choose CSet: 0.0 ms]
      [Ref Proc: 0.3 ms]
      [Ref Enq: 0.0 ms]
      [Redirty Cards: 0.2 ms]
      [Humongous Register: 0.1 ms]
      [Humongous Reclaim: 0.0 ms]
      [Free CSet: 0.1 ms]
   [Eden: 44.0M(44.0M)->0.0B(44.0M) Survivors: 7168.0K->7168.0K Heap: 583.7M(1024.0M)->477.4M(1024.0M)]
 [Times: user=0.04 sys=0.01, real=0.01 secs] 
2020-10-27T17:47:16.778-0800: 0.912: [GC pause (G1 Evacuation Pause) (mixed), 0.0030410 secs]
   [Parallel Time: 2.2 ms, GC Workers: 10]
      [GC Worker Start (ms): Min: 912.0, Avg: 912.0, Max: 912.1, Diff: 0.2]
      [Ext Root Scanning (ms): Min: 0.0, Avg: 0.1, Max: 0.2, Diff: 0.1, Sum: 1.0]
      [Update RS (ms): Min: 0.3, Avg: 0.4, Max: 0.4, Diff: 0.1, Sum: 3.5]
         [Processed Buffers: Min: 1, Avg: 3.8, Max: 5, Diff: 4, Sum: 38]
      [Scan RS (ms): Min: 0.0, Avg: 0.0, Max: 0.1, Diff: 0.1, Sum: 0.1]
      [Code Root Scanning (ms): Min: 0.0, Avg: 0.0, Max: 0.0, Diff: 0.0, Sum: 0.0]
      [Object Copy (ms): Min: 1.4, Avg: 1.5, Max: 1.5, Diff: 0.1, Sum: 14.6]
      [Termination (ms): Min: 0.0, Avg: 0.1, Max: 0.1, Diff: 0.1, Sum: 0.6]
         [Termination Attempts: Min: 1, Avg: 1.0, Max: 1, Diff: 0, Sum: 10]
      [GC Worker Other (ms): Min: 0.0, Avg: 0.0, Max: 0.0, Diff: 0.0, Sum: 0.1]
      [GC Worker Total (ms): Min: 1.9, Avg: 2.0, Max: 2.1, Diff: 0.2, Sum: 20.0]
      [GC Worker End (ms): Min: 914.0, Avg: 914.0, Max: 914.1, Diff: 0.0]
   [Code Root Fixup: 0.0 ms]
   [Code Root Purge: 0.0 ms]
   [Clear CT: 0.1 ms]
   [Other: 0.7 ms]
      [Choose CSet: 0.0 ms]
      [Ref Proc: 0.3 ms]
      [Ref Enq: 0.0 ms]
      [Redirty Cards: 0.1 ms]
      [Humongous Register: 0.1 ms]
      [Humongous Reclaim: 0.0 ms]
      [Free CSet: 0.0 ms]
   [Eden: 44.0M(44.0M)->0.0B(285.0M) Survivors: 7168.0K->7168.0K Heap: 533.1M(1024.0M)->484.0M(1024.0M)]
 [Times: user=0.02 sys=0.00, real=0.01 secs] 
2020-10-27T17:47:16.782-0800: 0.916: [GC pause (G1 Humongous Allocation) (young) (initial-mark), 0.0018955 secs]
   [Parallel Time: 1.0 ms, GC Workers: 10]
      [GC Worker Start (ms): Min: 916.0, Avg: 916.1, Max: 916.2, Diff: 0.1]
      [Ext Root Scanning (ms): Min: 0.1, Avg: 0.1, Max: 0.2, Diff: 0.1, Sum: 1.2]
      [Update RS (ms): Min: 0.0, Avg: 0.1, Max: 0.1, Diff: 0.1, Sum: 0.5]
         [Processed Buffers: Min: 1, Avg: 1.1, Max: 2, Diff: 1, Sum: 11]
      [Scan RS (ms): Min: 0.0, Avg: 0.0, Max: 0.0, Diff: 0.0, Sum: 0.0]
      [Code Root Scanning (ms): Min: 0.0, Avg: 0.0, Max: 0.0, Diff: 0.0, Sum: 0.0]
      [Object Copy (ms): Min: 0.5, Avg: 0.6, Max: 0.6, Diff: 0.1, Sum: 6.0]
      [Termination (ms): Min: 0.0, Avg: 0.1, Max: 0.1, Diff: 0.1, Sum: 0.6]
         [Termination Attempts: Min: 1, Avg: 1.0, Max: 1, Diff: 0, Sum: 10]
      [GC Worker Other (ms): Min: 0.0, Avg: 0.0, Max: 0.0, Diff: 0.0, Sum: 0.1]
      [GC Worker Total (ms): Min: 0.8, Avg: 0.8, Max: 0.9, Diff: 0.1, Sum: 8.5]
      [GC Worker End (ms): Min: 916.9, Avg: 917.0, Max: 917.0, Diff: 0.0]
   [Code Root Fixup: 0.0 ms]
   [Code Root Purge: 0.0 ms]
   [Clear CT: 0.1 ms]
   [Other: 0.8 ms]
      [Choose CSet: 0.0 ms]
      [Ref Proc: 0.4 ms]
      [Ref Enq: 0.0 ms]
      [Redirty Cards: 0.2 ms]
      [Humongous Register: 0.1 ms]
      [Humongous Reclaim: 0.0 ms]
      [Free CSet: 0.0 ms]
   [Eden: 5120.0K(285.0M)->0.0B(281.0M) Survivors: 7168.0K->9216.0K Heap: 488.4M(1024.0M)->485.3M(1024.0M)]
 [Times: user=0.01 sys=0.00, real=0.00 secs] 
2020-10-27T17:47:16.784-0800: 0.918: [GC concurrent-root-region-scan-start]
2020-10-27T17:47:16.785-0800: 0.918: [GC concurrent-root-region-scan-end, 0.0000928 secs]
2020-10-27T17:47:16.785-0800: 0.918: [GC concurrent-mark-start]
2020-10-27T17:47:16.786-0800: 0.919: [GC concurrent-mark-end, 0.0009596 secs]
2020-10-27T17:47:16.786-0800: 0.919: [GC remark 2020-10-27T17:47:16.786-0800: 0.919: [Finalize Marking, 0.0003050 secs] 2020-10-27T17:47:16.786-0800: 0.919: [GC ref-proc, 0.0000568 secs] 2020-10-27T17:47:16.786-0800: 0.919: [Unloading, 0.0004792 secs], 0.0015850 secs]
 [Times: user=0.01 sys=0.00, real=0.00 secs] 
2020-10-27T17:47:16.787-0800: 0.921: [GC cleanup 494M->487M(1024M), 0.0009914 secs]
 [Times: user=0.00 sys=0.00, real=0.00 secs] 
2020-10-27T17:47:16.789-0800: 0.922: [GC concurrent-cleanup-start]
2020-10-27T17:47:16.789-0800: 0.922: [GC concurrent-cleanup-end, 0.0000154 secs]
2020-10-27T17:47:16.835-0800: 0.969: [GC pause (G1 Evacuation Pause) (young) (to-space exhausted), 0.0073626 secs]
   [Parallel Time: 6.2 ms, GC Workers: 10]
      [GC Worker Start (ms): Min: 969.0, Avg: 969.1, Max: 969.2, Diff: 0.1]
      [Ext Root Scanning (ms): Min: 0.0, Avg: 0.1, Max: 0.2, Diff: 0.1, Sum: 0.7]
      [Update RS (ms): Min: 0.3, Avg: 0.3, Max: 0.4, Diff: 0.1, Sum: 3.5]
         [Processed Buffers: Min: 0, Avg: 4.7, Max: 6, Diff: 6, Sum: 47]
      [Scan RS (ms): Min: 0.0, Avg: 0.0, Max: 0.0, Diff: 0.0, Sum: 0.2]
      [Code Root Scanning (ms): Min: 0.0, Avg: 0.0, Max: 0.0, Diff: 0.0, Sum: 0.0]
      [Object Copy (ms): Min: 5.5, Avg: 5.6, Max: 5.6, Diff: 0.1, Sum: 55.6]
      [Termination (ms): Min: 0.0, Avg: 0.1, Max: 0.1, Diff: 0.1, Sum: 0.6]
         [Termination Attempts: Min: 1, Avg: 1.0, Max: 1, Diff: 0, Sum: 10]
      [GC Worker Other (ms): Min: 0.0, Avg: 0.0, Max: 0.0, Diff: 0.0, Sum: 0.1]
      [GC Worker Total (ms): Min: 6.0, Avg: 6.1, Max: 6.2, Diff: 0.1, Sum: 60.8]
      [GC Worker End (ms): Min: 975.2, Avg: 975.2, Max: 975.2, Diff: 0.1]
   [Code Root Fixup: 0.0 ms]
   [Code Root Purge: 0.0 ms]
   [Clear CT: 0.2 ms]
   [Other: 0.9 ms]
      [Evacuation Failure: 0.2 ms]
      [Choose CSet: 0.0 ms]
      [Ref Proc: 0.3 ms]
      [Ref Enq: 0.0 ms]
      [Redirty Cards: 0.1 ms]
      [Humongous Register: 0.1 ms]
      [Humongous Reclaim: 0.1 ms]
      [Free CSet: 0.1 ms]
   [Eden: 281.0M(281.0M)->0.0B(14.0M) Survivors: 9216.0K->37.0M Heap: 840.9M(1024.0M)->610.2M(1024.0M)]
 [Times: user=0.06 sys=0.00, real=0.01 secs] 
2020-10-27T17:47:16.845-0800: 0.979: [GC pause (G1 Evacuation Pause) (mixed), 0.0071793 secs]
   [Parallel Time: 6.0 ms, GC Workers: 10]
      [GC Worker Start (ms): Min: 979.0, Avg: 979.1, Max: 979.2, Diff: 0.1]
      [Ext Root Scanning (ms): Min: 0.1, Avg: 0.1, Max: 0.2, Diff: 0.1, Sum: 1.1]
      [Update RS (ms): Min: 0.4, Avg: 0.4, Max: 0.5, Diff: 0.1, Sum: 4.0]
         [Processed Buffers: Min: 1, Avg: 4.3, Max: 6, Diff: 5, Sum: 43]
      [Scan RS (ms): Min: 0.0, Avg: 0.0, Max: 0.1, Diff: 0.1, Sum: 0.4]
      [Code Root Scanning (ms): Min: 0.0, Avg: 0.0, Max: 0.0, Diff: 0.0, Sum: 0.0]
      [Object Copy (ms): Min: 5.2, Avg: 5.3, Max: 5.3, Diff: 0.1, Sum: 52.6]
      [Termination (ms): Min: 0.0, Avg: 0.1, Max: 0.1, Diff: 0.1, Sum: 0.6]
         [Termination Attempts: Min: 1, Avg: 1.1, Max: 2, Diff: 1, Sum: 11]
      [GC Worker Other (ms): Min: 0.0, Avg: 0.0, Max: 0.0, Diff: 0.0, Sum: 0.1]
      [GC Worker Total (ms): Min: 5.8, Avg: 5.9, Max: 6.0, Diff: 0.1, Sum: 58.8]
      [GC Worker End (ms): Min: 985.0, Avg: 985.0, Max: 985.0, Diff: 0.0]
   [Code Root Fixup: 0.0 ms]
   [Code Root Purge: 0.0 ms]
   [Clear CT: 0.2 ms]
   [Other: 1.0 ms]
      [Choose CSet: 0.0 ms]
      [Ref Proc: 0.5 ms]
      [Ref Enq: 0.0 ms]
      [Redirty Cards: 0.2 ms]
      [Humongous Register: 0.1 ms]
      [Humongous Reclaim: 0.0 ms]
      [Free CSet: 0.1 ms]
   [Eden: 14.0M(14.0M)->0.0B(45.0M) Survivors: 37.0M->6144.0K Heap: 630.1M(1024.0M)->542.9M(1024.0M)]
 [Times: user=0.05 sys=0.01, real=0.01 secs] 
2020-10-27T17:47:16.863-0800: 0.996: [GC pause (G1 Evacuation Pause) (mixed), 0.0038707 secs]
   [Parallel Time: 2.9 ms, GC Workers: 10]
      [GC Worker Start (ms): Min: 996.4, Avg: 996.5, Max: 996.5, Diff: 0.1]
      [Ext Root Scanning (ms): Min: 0.0, Avg: 0.1, Max: 0.2, Diff: 0.1, Sum: 1.1]
      [Update RS (ms): Min: 0.5, Avg: 0.5, Max: 0.5, Diff: 0.1, Sum: 4.8]
         [Processed Buffers: Min: 3, Avg: 5.3, Max: 8, Diff: 5, Sum: 53]
      [Scan RS (ms): Min: 0.0, Avg: 0.0, Max: 0.0, Diff: 0.0, Sum: 0.2]
      [Code Root Scanning (ms): Min: 0.0, Avg: 0.0, Max: 0.0, Diff: 0.0, Sum: 0.0]
      [Object Copy (ms): Min: 1.9, Avg: 1.9, Max: 2.0, Diff: 0.2, Sum: 19.3]
      [Termination (ms): Min: 0.0, Avg: 0.2, Max: 0.3, Diff: 0.2, Sum: 1.6]
         [Termination Attempts: Min: 1, Avg: 1.1, Max: 2, Diff: 1, Sum: 11]
      [GC Worker Other (ms): Min: 0.0, Avg: 0.0, Max: 0.0, Diff: 0.0, Sum: 0.1]
      [GC Worker Total (ms): Min: 2.6, Avg: 2.7, Max: 2.8, Diff: 0.2, Sum: 27.1]
      [GC Worker End (ms): Min: 999.2, Avg: 999.2, Max: 999.3, Diff: 0.1]
   [Code Root Fixup: 0.0 ms]
   [Code Root Purge: 0.0 ms]
   [Clear CT: 0.2 ms]
   [Other: 0.8 ms]
      [Choose CSet: 0.0 ms]
      [Ref Proc: 0.4 ms]
      [Ref Enq: 0.0 ms]
      [Redirty Cards: 0.1 ms]
      [Humongous Register: 0.1 ms]
      [Humongous Reclaim: 0.0 ms]
      [Free CSet: 0.0 ms]
   [Eden: 45.0M(45.0M)->0.0B(237.0M) Survivors: 6144.0K->7168.0K Heap: 598.9M(1024.0M)->540.8M(1024.0M)]
 [Times: user=0.03 sys=0.01, real=0.00 secs] 
2020-10-27T17:47:16.867-0800: 1.001: [GC pause (G1 Humongous Allocation) (young) (initial-mark), 0.0017820 secs]
   [Parallel Time: 0.9 ms, GC Workers: 10]
      [GC Worker Start (ms): Min: 1001.0, Avg: 1001.1, Max: 1001.1, Diff: 0.1]
      [Ext Root Scanning (ms): Min: 0.1, Avg: 0.1, Max: 0.2, Diff: 0.1, Sum: 1.3]
      [Update RS (ms): Min: 0.0, Avg: 0.1, Max: 0.3, Diff: 0.2, Sum: 0.8]
         [Processed Buffers: Min: 1, Avg: 1.1, Max: 2, Diff: 1, Sum: 11]
      [Scan RS (ms): Min: 0.0, Avg: 0.0, Max: 0.0, Diff: 0.0, Sum: 0.0]
      [Code Root Scanning (ms): Min: 0.0, Avg: 0.0, Max: 0.0, Diff: 0.0, Sum: 0.0]
      [Object Copy (ms): Min: 0.2, Avg: 0.4, Max: 0.5, Diff: 0.3, Sum: 4.2]
      [Termination (ms): Min: 0.0, Avg: 0.1, Max: 0.1, Diff: 0.1, Sum: 0.8]
         [Termination Attempts: Min: 1, Avg: 1.0, Max: 1, Diff: 0, Sum: 10]
      [GC Worker Other (ms): Min: 0.0, Avg: 0.0, Max: 0.0, Diff: 0.0, Sum: 0.1]
      [GC Worker Total (ms): Min: 0.6, Avg: 0.7, Max: 0.8, Diff: 0.2, Sum: 7.2]
      [GC Worker End (ms): Min: 1001.8, Avg: 1001.8, Max: 1001.9, Diff: 0.1]
   [Code Root Fixup: 0.0 ms]
   [Code Root Purge: 0.0 ms]
   [Clear CT: 0.2 ms]
   [Other: 0.7 ms]
      [Choose CSet: 0.0 ms]
      [Ref Proc: 0.3 ms]
      [Ref Enq: 0.0 ms]
      [Redirty Cards: 0.1 ms]
      [Humongous Register: 0.1 ms]
      [Humongous Reclaim: 0.0 ms]
      [Free CSet: 0.0 ms]
   [Eden: 3072.0K(237.0M)->0.0B(250.0M) Survivors: 7168.0K->8192.0K Heap: 543.7M(1024.0M)->540.9M(1024.0M)]
 [Times: user=0.01 sys=0.00, real=0.00 secs] 
2020-10-27T17:47:16.869-0800: 1.003: [GC concurrent-root-region-scan-start]
2020-10-27T17:47:16.869-0800: 1.003: [GC concurrent-root-region-scan-end, 0.0000919 secs]
2020-10-27T17:47:16.869-0800: 1.003: [GC concurrent-mark-start]
2020-10-27T17:47:16.870-0800: 1.004: [GC concurrent-mark-end, 0.0009887 secs]
2020-10-27T17:47:16.871-0800: 1.004: [GC remark 2020-10-27T17:47:16.871-0800: 1.004: [Finalize Marking, 0.0003521 secs] 2020-10-27T17:47:16.871-0800: 1.004: [GC ref-proc, 0.0000592 secs] 2020-10-27T17:47:16.871-0800: 1.004: [Unloading, 0.0004509 secs], 0.0016788 secs]
 [Times: user=0.01 sys=0.00, real=0.00 secs] 
2020-10-27T17:47:16.872-0800: 1.006: [GC cleanup 547M->544M(1024M), 0.0009878 secs]
 [Times: user=0.01 sys=0.00, real=0.00 secs] 
2020-10-27T17:47:16.873-0800: 1.007: [GC concurrent-cleanup-start]
2020-10-27T17:47:16.873-0800: 1.007: [GC concurrent-cleanup-end, 0.0000124 secs]
2020-10-27T17:47:16.916-0800: 1.049: [GC pause (G1 Evacuation Pause) (young) (to-space exhausted), 0.0077197 secs]
   [Parallel Time: 6.6 ms, GC Workers: 10]
      [GC Worker Start (ms): Min: 1049.2, Avg: 1049.2, Max: 1049.3, Diff: 0.1]
      [Ext Root Scanning (ms): Min: 0.0, Avg: 0.1, Max: 0.2, Diff: 0.1, Sum: 0.8]
      [Update RS (ms): Min: 0.4, Avg: 0.4, Max: 0.5, Diff: 0.1, Sum: 4.2]
         [Processed Buffers: Min: 2, Avg: 5.4, Max: 7, Diff: 5, Sum: 54]
      [Scan RS (ms): Min: 0.0, Avg: 0.0, Max: 0.0, Diff: 0.0, Sum: 0.2]
      [Code Root Scanning (ms): Min: 0.0, Avg: 0.0, Max: 0.0, Diff: 0.0, Sum: 0.0]
      [Object Copy (ms): Min: 5.8, Avg: 5.8, Max: 5.8, Diff: 0.0, Sum: 58.0]
      [Termination (ms): Min: 0.0, Avg: 0.1, Max: 0.1, Diff: 0.1, Sum: 0.7]
         [Termination Attempts: Min: 1, Avg: 1.0, Max: 1, Diff: 0, Sum: 10]
      [GC Worker Other (ms): Min: 0.0, Avg: 0.0, Max: 0.0, Diff: 0.0, Sum: 0.1]
      [GC Worker Total (ms): Min: 6.3, Avg: 6.4, Max: 6.5, Diff: 0.2, Sum: 64.0]
      [GC Worker End (ms): Min: 1055.6, Avg: 1055.6, Max: 1055.7, Diff: 0.1]
   [Code Root Fixup: 0.0 ms]
   [Code Root Purge: 0.0 ms]
   [Clear CT: 0.2 ms]
   [Other: 1.0 ms]
      [Evacuation Failure: 0.2 ms]
      [Choose CSet: 0.0 ms]
      [Ref Proc: 0.3 ms]
      [Ref Enq: 0.0 ms]
      [Redirty Cards: 0.1 ms]
      [Humongous Register: 0.1 ms]
      [Humongous Reclaim: 0.1 ms]
      [Free CSet: 0.1 ms]
   [Eden: 250.0M(250.0M)->0.0B(18.0M) Survivors: 8192.0K->33.0M Heap: 844.5M(1024.0M)->613.6M(1024.0M)]
 [Times: user=0.06 sys=0.00, real=0.01 secs] 
2020-10-27T17:47:16.927-0800: 1.061: [GC pause (G1 Evacuation Pause) (mixed), 0.0061026 secs]
   [Parallel Time: 5.0 ms, GC Workers: 10]
      [GC Worker Start (ms): Min: 1061.0, Avg: 1061.1, Max: 1061.2, Diff: 0.2]
      [Ext Root Scanning (ms): Min: 0.0, Avg: 0.1, Max: 0.2, Diff: 0.2, Sum: 1.0]
      [Update RS (ms): Min: 0.4, Avg: 0.5, Max: 0.5, Diff: 0.1, Sum: 4.7]
         [Processed Buffers: Min: 5, Avg: 5.6, Max: 7, Diff: 2, Sum: 56]
      [Scan RS (ms): Min: 0.0, Avg: 0.0, Max: 0.1, Diff: 0.0, Sum: 0.3]
      [Code Root Scanning (ms): Min: 0.0, Avg: 0.0, Max: 0.0, Diff: 0.0, Sum: 0.0]
      [Object Copy (ms): Min: 4.1, Avg: 4.1, Max: 4.1, Diff: 0.1, Sum: 41.0]
      [Termination (ms): Min: 0.0, Avg: 0.1, Max: 0.1, Diff: 0.1, Sum: 1.1]
         [Termination Attempts: Min: 1, Avg: 1.2, Max: 2, Diff: 1, Sum: 12]
      [GC Worker Other (ms): Min: 0.0, Avg: 0.0, Max: 0.0, Diff: 0.0, Sum: 0.1]
      [GC Worker Total (ms): Min: 4.7, Avg: 4.8, Max: 4.9, Diff: 0.2, Sum: 48.2]
      [GC Worker End (ms): Min: 1065.9, Avg: 1065.9, Max: 1066.0, Diff: 0.1]
   [Code Root Fixup: 0.0 ms]
   [Code Root Purge: 0.0 ms]
   [Clear CT: 0.3 ms]
   [Other: 0.8 ms]
      [Choose CSet: 0.0 ms]
      [Ref Proc: 0.2 ms]
      [Ref Enq: 0.0 ms]
      [Redirty Cards: 0.2 ms]
      [Humongous Register: 0.1 ms]
      [Humongous Reclaim: 0.0 ms]
      [Free CSet: 0.1 ms]
   [Eden: 18.0M(18.0M)->0.0B(44.0M) Survivors: 33.0M->7168.0K Heap: 637.1M(1024.0M)->533.3M(1024.0M)]
 [Times: user=0.04 sys=0.01, real=0.01 secs] 
Heap
 garbage-first heap   total 1048576K, used 591215K [0x0000000780000000, 0x0000000780102000, 0x00000007c0000000)
  region size 1024K, 42 young (43008K), 7 survivors (7168K)
 Metaspace       used 2723K, capacity 4486K, committed 4864K, reserved 1056768K
  class space    used 296K, capacity 386K, committed 512K, reserved 1048576K
