Java HotSpot(TM) 64-Bit Server VM (25.221-b11) for bsd-amd64 JRE (1.8.0_221-b11), built on Jul  4 2019 04:36:22 by "java_re" with gcc 4.2.1 (Based on Apple Inc. build 5658) (LLVM build 2336.11.00)
Memory: 4k page, physical 33554432k(262440k free)

/proc/meminfo:

CommandLine flags: -XX:InitialHeapSize=134217728 -XX:MaxHeapSize=134217728 -XX:+PrintGC -XX:+PrintGCDateStamps -XX:+PrintGCDetails -XX:+PrintGCTimeStamps -XX:+UseCompressedClassPointers -XX:+UseCompressedOops -XX:+UseSerialGC 
2020-10-27T17:43:23.494-0800: 0.102: [GC (Allocation Failure) 2020-10-27T17:43:23.494-0800: 0.102: [DefNew: 34906K->4351K(39296K), 0.0071272 secs] 34906K->12926K(126720K), 0.0072321 secs] [Times: user=0.01 sys=0.00, real=0.01 secs] 
2020-10-27T17:43:23.509-0800: 0.117: [GC (Allocation Failure) 2020-10-27T17:43:23.509-0800: 0.117: [DefNew: 39185K->4351K(39296K), 0.0085757 secs] 47760K->24536K(126720K), 0.0086503 secs] [Times: user=0.01 sys=0.01, real=0.01 secs] 
2020-10-27T17:43:23.524-0800: 0.131: [GC (Allocation Failure) 2020-10-27T17:43:23.524-0800: 0.131: [DefNew: 39179K->4342K(39296K), 0.0060441 secs] 59364K->34868K(126720K), 0.0061227 secs] [Times: user=0.00 sys=0.00, real=0.01 secs] 
2020-10-27T17:43:23.536-0800: 0.144: [GC (Allocation Failure) 2020-10-27T17:43:23.536-0800: 0.144: [DefNew: 39051K->4349K(39296K), 0.0054762 secs] 69577K->44560K(126720K), 0.0055518 secs] [Times: user=0.00 sys=0.00, real=0.01 secs] 
2020-10-27T17:43:23.546-0800: 0.154: [GC (Allocation Failure) 2020-10-27T17:43:23.546-0800: 0.154: [DefNew: 39223K->4351K(39296K), 0.0076965 secs] 79434K->57800K(126720K), 0.0077619 secs] [Times: user=0.00 sys=0.01, real=0.01 secs] 
2020-10-27T17:43:23.559-0800: 0.167: [GC (Allocation Failure) 2020-10-27T17:43:23.559-0800: 0.167: [DefNew: 38696K->4349K(39296K), 0.0058880 secs] 92145K->68045K(126720K), 0.0059671 secs] [Times: user=0.00 sys=0.00, real=0.01 secs] 
2020-10-27T17:43:23.571-0800: 0.178: [GC (Allocation Failure) 2020-10-27T17:43:23.571-0800: 0.178: [DefNew: 39293K->4346K(39296K), 0.0053168 secs] 102989K->77411K(126720K), 0.0053827 secs] [Times: user=0.00 sys=0.00, real=0.00 secs] 
2020-10-27T17:43:23.581-0800: 0.188: [GC (Allocation Failure) 2020-10-27T17:43:23.581-0800: 0.188: [DefNew: 39252K->4351K(39296K), 0.0055496 secs] 112317K->86842K(126720K), 0.0056154 secs] [Times: user=0.01 sys=0.00, real=0.00 secs] 
2020-10-27T17:43:23.591-0800: 0.199: [GC (Allocation Failure) 2020-10-27T17:43:23.591-0800: 0.199: [DefNew: 39118K->39118K(39296K), 0.0000155 secs]2020-10-27T17:43:23.591-0800: 0.199: [Tenured: 82490K->87171K(87424K), 0.0114381 secs] 121609K->94576K(126720K), [Metaspace: 2717K->2717K(1056768K)], 0.0115455 secs] [Times: user=0.01 sys=0.00, real=0.01 secs] 
2020-10-27T17:43:23.607-0800: 0.215: [Full GC (Allocation Failure) 2020-10-27T17:43:23.607-0800: 0.215: [Tenured: 87423K->87370K(87424K), 0.0089073 secs] 126698K->105343K(126720K), [Metaspace: 2717K->2717K(1056768K)], 0.0089924 secs] [Times: user=0.01 sys=0.00, real=0.01 secs] 
2020-10-27T17:43:23.620-0800: 0.227: [Full GC (Allocation Failure) 2020-10-27T17:43:23.620-0800: 0.227: [Tenured: 87370K->87334K(87424K), 0.0094528 secs] 126395K->110272K(126720K), [Metaspace: 2717K->2717K(1056768K)], 0.0095415 secs] [Times: user=0.01 sys=0.00, real=0.00 secs] 
2020-10-27T17:43:23.632-0800: 0.240: [Full GC (Allocation Failure) 2020-10-27T17:43:23.632-0800: 0.240: [Tenured: 87334K->86834K(87424K), 0.0147035 secs] 126526K->110748K(126720K), [Metaspace: 2717K->2717K(1056768K)], 0.0147897 secs] [Times: user=0.02 sys=0.00, real=0.01 secs] 
2020-10-27T17:43:23.649-0800: 0.257: [Full GC (Allocation Failure) 2020-10-27T17:43:23.649-0800: 0.257: [Tenured: 86834K->86834K(87424K), 0.0031501 secs] 125785K->117124K(126720K), [Metaspace: 2717K->2717K(1056768K)], 0.0032166 secs] [Times: user=0.00 sys=0.00, real=0.01 secs] 
2020-10-27T17:43:23.654-0800: 0.261: [Full GC (Allocation Failure) 2020-10-27T17:43:23.654-0800: 0.261: [Tenured: 87423K->87423K(87424K), 0.0019352 secs] 126716K->121052K(126720K), [Metaspace: 2717K->2717K(1056768K)], 0.0019900 secs] [Times: user=0.01 sys=0.00, real=0.00 secs] 
2020-10-27T17:43:23.657-0800: 0.264: [Full GC (Allocation Failure) 2020-10-27T17:43:23.657-0800: 0.264: [Tenured: 87423K->87423K(87424K), 0.0046056 secs] 126681K->123838K(126720K), [Metaspace: 2717K->2717K(1056768K)], 0.0046663 secs] [Times: user=0.00 sys=0.00, real=0.01 secs] 
2020-10-27T17:43:23.662-0800: 0.269: [Full GC (Allocation Failure) 2020-10-27T17:43:23.662-0800: 0.269: [Tenured: 87423K->87387K(87424K), 0.0138456 secs] 126643K->121777K(126720K), [Metaspace: 2717K->2717K(1056768K)], 0.0139100 secs] [Times: user=0.01 sys=0.00, real=0.01 secs] 
2020-10-27T17:43:23.677-0800: 0.284: [Full GC (Allocation Failure) 2020-10-27T17:43:23.677-0800: 0.284: [Tenured: 87387K->87387K(87424K), 0.0019835 secs] 126676K->123328K(126720K), [Metaspace: 2717K->2717K(1056768K)], 0.0020274 secs] [Times: user=0.00 sys=0.00, real=0.00 secs] 
2020-10-27T17:43:23.679-0800: 0.287: [Full GC (Allocation Failure) 2020-10-27T17:43:23.679-0800: 0.287: [Tenured: 87387K->87387K(87424K), 0.0048870 secs] 126545K->123825K(126720K), [Metaspace: 2717K->2717K(1056768K)], 0.0049618 secs] [Times: user=0.00 sys=0.00, real=0.01 secs] 
2020-10-27T17:43:23.685-0800: 0.292: [Full GC (Allocation Failure) 2020-10-27T17:43:23.685-0800: 0.292: [Tenured: 87421K->87421K(87424K), 0.0019272 secs] 126717K->124535K(126720K), [Metaspace: 2717K->2717K(1056768K)], 0.0019710 secs] [Times: user=0.01 sys=0.00, real=0.00 secs] 
2020-10-27T17:43:23.687-0800: 0.295: [Full GC (Allocation Failure) 2020-10-27T17:43:23.687-0800: 0.295: [Tenured: 87421K->87385K(87424K), 0.0120822 secs] 126435K->123950K(126720K), [Metaspace: 2717K->2717K(1056768K)], 0.0121452 secs] [Times: user=0.01 sys=0.00, real=0.01 secs] 
2020-10-27T17:43:23.700-0800: 0.307: [Full GC (Allocation Failure) 2020-10-27T17:43:23.700-0800: 0.307: [Tenured: 87385K->87385K(87424K), 0.0018686 secs] 126469K->124402K(126720K), [Metaspace: 2717K->2717K(1056768K)], 0.0019129 secs] [Times: user=0.00 sys=0.00, real=0.00 secs] 
2020-10-27T17:43:23.702-0800: 0.309: [Full GC (Allocation Failure) 2020-10-27T17:43:23.702-0800: 0.310: [Tenured: 87385K->87385K(87424K), 0.0015868 secs] 126669K->125499K(126720K), [Metaspace: 2717K->2717K(1056768K)], 0.0016247 secs] [Times: user=0.00 sys=0.00, real=0.00 secs] 
2020-10-27T17:43:23.704-0800: 0.312: [Full GC (Allocation Failure) 2020-10-27T17:43:23.704-0800: 0.312: [Tenured: 87385K->87385K(87424K), 0.0015621 secs] 126574K->125798K(126720K), [Metaspace: 2717K->2717K(1056768K)], 0.0015992 secs] [Times: user=0.00 sys=0.00, real=0.00 secs] 
2020-10-27T17:43:23.706-0800: 0.313: [Full GC (Allocation Failure) 2020-10-27T17:43:23.706-0800: 0.313: [Tenured: 87403K->87072K(87424K), 0.0109984 secs] 126682K->125470K(126720K), [Metaspace: 2717K->2717K(1056768K)], 0.0110581 secs] [Times: user=0.02 sys=0.00, real=0.01 secs] 
2020-10-27T17:43:23.717-0800: 0.325: [Full GC (Allocation Failure) 2020-10-27T17:43:23.717-0800: 0.325: [Tenured: 87072K->87072K(87424K), 0.0018128 secs] 125717K->125470K(126720K), [Metaspace: 2717K->2717K(1056768K)], 0.0018579 secs] [Times: user=0.00 sys=0.00, real=0.00 secs] 
2020-10-27T17:43:23.719-0800: 0.327: [Full GC (Allocation Failure) 2020-10-27T17:43:23.719-0800: 0.327: [Tenured: 87072K->87072K(87424K), 0.0015375 secs] 126206K->125470K(126720K), [Metaspace: 2717K->2717K(1056768K)], 0.0015738 secs] [Times: user=0.00 sys=0.00, real=0.01 secs] 
2020-10-27T17:43:23.721-0800: 0.328: [Full GC (Allocation Failure) 2020-10-27T17:43:23.721-0800: 0.328: [Tenured: 87072K->87072K(87424K), 0.0014760 secs] 126178K->126178K(126720K), [Metaspace: 2717K->2717K(1056768K)], 0.0015122 secs] [Times: user=0.00 sys=0.00, real=0.00 secs] 
2020-10-27T17:43:23.723-0800: 0.330: [Full GC (Allocation Failure) 2020-10-27T17:43:23.723-0800: 0.330: [Tenured: 87072K->87393K(87424K), 0.0115339 secs] 126178K->126115K(126720K), [Metaspace: 2717K->2717K(1056768K)], 0.0115873 secs] [Times: user=0.01 sys=0.00, real=0.01 secs] 
2020-10-27T17:43:23.734-0800: 0.342: [Full GC (Allocation Failure) 2020-10-27T17:43:23.734-0800: 0.342: [Tenured: 87393K->87393K(87424K), 0.0018248 secs] 126552K->126115K(126720K), [Metaspace: 2717K->2717K(1056768K)], 0.0018778 secs] [Times: user=0.00 sys=0.00, real=0.00 secs] 
2020-10-27T17:43:23.736-0800: 0.344: [Full GC (Allocation Failure) 2020-10-27T17:43:23.736-0800: 0.344: [Tenured: 87393K->87393K(87424K), 0.0038065 secs] 126589K->126244K(126720K), [Metaspace: 2717K->2717K(1056768K)], 0.0038578 secs] [Times: user=0.01 sys=0.00, real=0.01 secs] 
2020-10-27T17:43:23.740-0800: 0.348: [Full GC (Allocation Failure) 2020-10-27T17:43:23.740-0800: 0.348: [Tenured: 87393K->87393K(87424K), 0.0016335 secs] 126487K->126414K(126720K), [Metaspace: 2717K->2717K(1056768K)], 0.0016735 secs] [Times: user=0.00 sys=0.00, real=0.00 secs] 
2020-10-27T17:43:23.742-0800: 0.350: [Full GC (Allocation Failure) 2020-10-27T17:43:23.742-0800: 0.350: [Tenured: 87393K->87305K(87424K), 0.0063991 secs] 126558K->126398K(126720K), [Metaspace: 2717K->2717K(1056768K)], 0.0064466 secs] [Times: user=0.01 sys=0.00, real=0.00 secs] 
2020-10-27T17:43:23.749-0800: 0.356: [Full GC (Allocation Failure) 2020-10-27T17:43:23.749-0800: 0.356: [Tenured: 87305K->87305K(87424K), 0.0014650 secs] 126398K->126398K(126720K), [Metaspace: 2717K->2717K(1056768K)], 0.0014960 secs] [Times: user=0.00 sys=0.00, real=0.01 secs] 
Heap
 def new generation   total 39296K, used 39167K [0x00000007b8000000, 0x00000007baaa0000, 0x00000007baaa0000)
  eden space 34944K, 100% used [0x00000007b8000000, 0x00000007ba220000, 0x00000007ba220000)
  from space 4352K,  97% used [0x00000007ba220000, 0x00000007ba63ff78, 0x00000007ba660000)
  to   space 4352K,   0% used [0x00000007ba660000, 0x00000007ba660000, 0x00000007baaa0000)
 tenured generation   total 87424K, used 87305K [0x00000007baaa0000, 0x00000007c0000000, 0x00000007c0000000)
   the space 87424K,  99% used [0x00000007baaa0000, 0x00000007bffe26e0, 0x00000007bffe2800, 0x00000007c0000000)
 Metaspace       used 2748K, capacity 4486K, committed 4864K, reserved 1056768K
  class space    used 299K, capacity 386K, committed 512K, reserved 1048576K
