Java HotSpot(TM) 64-Bit Server VM (25.221-b11) for bsd-amd64 JRE (1.8.0_221-b11), built on Jul  4 2019 04:36:22 by "java_re" with gcc 4.2.1 (Based on Apple Inc. build 5658) (LLVM build 2336.11.00)
Memory: 4k page, physical 33554432k(1448016k free)

/proc/meminfo:

CommandLine flags: -XX:InitialHeapSize=2147483648 -XX:MaxHeapSize=2147483648 -XX:+PrintGC -XX:+PrintGCDateStamps -XX:+PrintGCDetails -XX:+PrintGCTimeStamps -XX:+UseCompressedClassPointers -XX:+UseCompressedOops -XX:+UseSerialGC 
2020-10-27T17:48:54.339-0800: 0.332: [GC (Allocation Failure) 2020-10-27T17:48:54.339-0800: 0.332: [DefNew: 559232K->69888K(629120K), 0.0855503 secs] 559232K->154977K(2027264K), 0.0856473 secs] [Times: user=0.05 sys=0.03, real=0.09 secs] 
2020-10-27T17:48:54.498-0800: 0.490: [GC (Allocation Failure) 2020-10-27T17:48:54.498-0800: 0.490: [DefNew: 629120K->69887K(629120K), 0.0985883 secs] 714209K->270978K(2027264K), 0.0986493 secs] [Times: user=0.05 sys=0.04, real=0.10 secs] 
2020-10-27T17:48:54.685-0800: 0.677: [GC (Allocation Failure) 2020-10-27T17:48:54.685-0800: 0.677: [DefNew: 629119K->69888K(629120K), 0.0900553 secs] 830210K->414067K(2027264K), 0.0901250 secs] [Times: user=0.06 sys=0.04, real=0.09 secs] 
2020-10-27T17:48:54.845-0800: 0.837: [GC (Allocation Failure) 2020-10-27T17:48:54.845-0800: 0.837: [DefNew: 629120K->69887K(629120K), 0.0737068 secs] 973299K->535593K(2027264K), 0.0737703 secs] [Times: user=0.04 sys=0.02, real=0.07 secs] 
2020-10-27T17:48:54.987-0800: 0.979: [GC (Allocation Failure) 2020-10-27T17:48:54.987-0800: 0.979: [DefNew: 629119K->69887K(629120K), 0.0765532 secs] 1094825K->658443K(2027264K), 0.0766307 secs] [Times: user=0.04 sys=0.04, real=0.08 secs] 
Heap
 def new generation   total 629120K, used 140332K [0x0000000740000000, 0x000000076aaa0000, 0x000000076aaa0000)
  eden space 559232K,  12% used [0x0000000740000000, 0x00000007444cb350, 0x0000000762220000)
  from space 69888K,  99% used [0x0000000766660000, 0x000000076aa9fff0, 0x000000076aaa0000)
  to   space 69888K,   0% used [0x0000000762220000, 0x0000000762220000, 0x0000000766660000)
 tenured generation   total 1398144K, used 588555K [0x000000076aaa0000, 0x00000007c0000000, 0x00000007c0000000)
   the space 1398144K,  42% used [0x000000076aaa0000, 0x000000078e962fc8, 0x000000078e963000, 0x00000007c0000000)
 Metaspace       used 2723K, capacity 4486K, committed 4864K, reserved 1056768K
  class space    used 296K, capacity 386K, committed 512K, reserved 1048576K
