Java HotSpot(TM) 64-Bit Server VM (25.221-b11) for bsd-amd64 JRE (1.8.0_221-b11), built on Jul  4 2019 04:36:22 by "java_re" with gcc 4.2.1 (Based on Apple Inc. build 5658) (LLVM build 2336.11.00)
Memory: 4k page, physical 33554432k(1079856k free)

/proc/meminfo:

CommandLine flags: -XX:InitialHeapSize=1073741824 -XX:MaxHeapSize=1073741824 -XX:+PrintGC -XX:+PrintGCDateStamps -XX:+PrintGCDetails -XX:+PrintGCTimeStamps -XX:+UseCompressedClassPointers -XX:+UseCompressedOops -XX:+UseSerialGC 
2020-10-27T17:45:38.332-0800: 0.191: [GC (Allocation Failure) 2020-10-27T17:45:38.332-0800: 0.191: [DefNew: 279616K->34944K(314560K), 0.0452365 secs] 279616K->89657K(1013632K), 0.0453251 secs] [Times: user=0.02 sys=0.02, real=0.04 secs] 
2020-10-27T17:45:38.427-0800: 0.286: [GC (Allocation Failure) 2020-10-27T17:45:38.427-0800: 0.286: [DefNew: 314560K->34942K(314560K), 0.0517709 secs] 369273K->158341K(1013632K), 0.0518372 secs] [Times: user=0.03 sys=0.02, real=0.05 secs] 
2020-10-27T17:45:38.510-0800: 0.369: [GC (Allocation Failure) 2020-10-27T17:45:38.510-0800: 0.369: [DefNew: 314558K->34943K(314560K), 0.0482226 secs] 437957K->242101K(1013632K), 0.0482888 secs] [Times: user=0.03 sys=0.02, real=0.04 secs] 
2020-10-27T17:45:38.588-0800: 0.447: [GC (Allocation Failure) 2020-10-27T17:45:38.588-0800: 0.447: [DefNew: 314559K->34943K(314560K), 0.0493738 secs] 521717K->328202K(1013632K), 0.0494413 secs] [Times: user=0.03 sys=0.02, real=0.05 secs] 
2020-10-27T17:45:38.669-0800: 0.528: [GC (Allocation Failure) 2020-10-27T17:45:38.669-0800: 0.528: [DefNew: 314559K->34943K(314560K), 0.0434359 secs] 607818K->402017K(1013632K), 0.0435031 secs] [Times: user=0.02 sys=0.02, real=0.05 secs] 
2020-10-27T17:45:38.747-0800: 0.605: [GC (Allocation Failure) 2020-10-27T17:45:38.747-0800: 0.606: [DefNew: 314559K->34942K(314560K), 0.0439009 secs] 681633K->476066K(1013632K), 0.0439781 secs] [Times: user=0.02 sys=0.02, real=0.05 secs] 
2020-10-27T17:45:38.821-0800: 0.680: [GC (Allocation Failure) 2020-10-27T17:45:38.821-0800: 0.680: [DefNew: 314324K->34943K(314560K), 0.0505236 secs] 755448K->557229K(1013632K), 0.0505914 secs] [Times: user=0.03 sys=0.02, real=0.05 secs] 
2020-10-27T17:45:38.903-0800: 0.762: [GC (Allocation Failure) 2020-10-27T17:45:38.903-0800: 0.762: [DefNew: 314559K->34942K(314560K), 0.0489217 secs] 836845K->638587K(1013632K), 0.0489936 secs] [Times: user=0.03 sys=0.02, real=0.05 secs] 
2020-10-27T17:45:38.983-0800: 0.842: [GC (Allocation Failure) 2020-10-27T17:45:38.983-0800: 0.842: [DefNew: 314558K->34943K(314560K), 0.0479457 secs] 918203K->717349K(1013632K), 0.0480103 secs] [Times: user=0.03 sys=0.02, real=0.05 secs] 
2020-10-27T17:45:39.061-0800: 0.920: [GC (Allocation Failure) 2020-10-27T17:45:39.061-0800: 0.920: [DefNew: 314559K->314559K(314560K), 0.0000149 secs]2020-10-27T17:45:39.062-0800: 0.920: [Tenured: 682405K->379649K(699072K), 0.0585868 secs] 996965K->379649K(1013632K), [Metaspace: 2717K->2717K(1056768K)], 0.0586814 secs] [Times: user=0.06 sys=0.00, real=0.06 secs] 
2020-10-27T17:45:39.157-0800: 1.016: [GC (Allocation Failure) 2020-10-27T17:45:39.157-0800: 1.016: [DefNew: 279616K->34943K(314560K), 0.0132128 secs] 659265K->471881K(1013632K), 0.0132743 secs] [Times: user=0.01 sys=0.00, real=0.02 secs] 
2020-10-27T17:45:39.203-0800: 1.062: [GC (Allocation Failure) 2020-10-27T17:45:39.203-0800: 1.062: [DefNew: 314559K->34943K(314560K), 0.0162365 secs] 751497K->554924K(1013632K), 0.0162984 secs] [Times: user=0.02 sys=0.00, real=0.01 secs] 
Heap
 def new generation   total 314560K, used 46234K [0x0000000780000000, 0x0000000795550000, 0x0000000795550000)
  eden space 279616K,   4% used [0x0000000780000000, 0x0000000780b06a10, 0x0000000791110000)
  from space 34944K,  99% used [0x0000000793330000, 0x000000079554fe30, 0x0000000795550000)
  to   space 34944K,   0% used [0x0000000791110000, 0x0000000791110000, 0x0000000793330000)
 tenured generation   total 699072K, used 519981K [0x0000000795550000, 0x00000007c0000000, 0x00000007c0000000)
   the space 699072K,  74% used [0x0000000795550000, 0x00000007b511b508, 0x00000007b511b600, 0x00000007c0000000)
 Metaspace       used 2723K, capacity 4486K, committed 4864K, reserved 1056768K
  class space    used 296K, capacity 386K, committed 512K, reserved 1048576K
