Java HotSpot(TM) 64-Bit Server VM (25.221-b11) for bsd-amd64 JRE (1.8.0_221-b11), built on Jul  4 2019 04:36:22 by "java_re" with gcc 4.2.1 (Based on Apple Inc. build 5658) (LLVM build 2336.11.00)
Memory: 4k page, physical 33554432k(2122004k free)

/proc/meminfo:

CommandLine flags: -XX:InitialHeapSize=4294967296 -XX:MaxHeapSize=4294967296 -XX:+PrintGC -XX:+PrintGCDateStamps -XX:+PrintGCDetails -XX:+PrintGCTimeStamps -XX:+UseCompressedClassPointers -XX:+UseCompressedOops -XX:+UseSerialGC 
2020-10-27T17:50:39.587-0800: 0.588: [GC (Allocation Failure) 2020-10-27T17:50:39.587-0800: 0.588: [DefNew: 1118528K->139775K(1258304K), 0.1382834 secs] 1118528K->247162K(4054528K), 0.1383777 secs] [Times: user=0.08 sys=0.06, real=0.14 secs] 
2020-10-27T17:50:39.860-0800: 0.861: [GC (Allocation Failure) 2020-10-27T17:50:39.860-0800: 0.861: [DefNew: 1258303K->139775K(1258304K), 0.1644348 secs] 1365690K->415433K(4054528K), 0.1645147 secs] [Times: user=0.09 sys=0.07, real=0.16 secs] 
Heap
 def new generation   total 1258304K, used 543374K [0x00000006c0000000, 0x0000000715550000, 0x0000000715550000)
  eden space 1118528K,  36% used [0x00000006c0000000, 0x00000006d8a239e8, 0x0000000704450000)
  from space 139776K,  99% used [0x0000000704450000, 0x000000070cccfff0, 0x000000070ccd0000)
  to   space 139776K,   0% used [0x000000070ccd0000, 0x000000070ccd0000, 0x0000000715550000)
 tenured generation   total 2796224K, used 275657K [0x0000000715550000, 0x00000007c0000000, 0x00000007c0000000)
   the space 2796224K,   9% used [0x0000000715550000, 0x0000000726282470, 0x0000000726282600, 0x00000007c0000000)
 Metaspace       used 2723K, capacity 4486K, committed 4864K, reserved 1056768K
  class space    used 296K, capacity 386K, committed 512K, reserved 1048576K
