Java HotSpot(TM) 64-Bit Server VM (25.221-b11) for bsd-amd64 JRE (1.8.0_221-b11), built on Jul  4 2019 04:36:22 by "java_re" with gcc 4.2.1 (Based on Apple Inc. build 5658) (LLVM build 2336.11.00)
Memory: 4k page, physical 33554432k(1813484k free)

/proc/meminfo:

CommandLine flags: -XX:InitialHeapSize=536870912 -XX:MaxHeapSize=536870912 -XX:+PrintGC -XX:+PrintGCDateStamps -XX:+PrintGCDetails -XX:+PrintGCTimeStamps -XX:+UseCompressedClassPointers -XX:+UseCompressedOops -XX:+UseSerialGC 
2020-10-27T16:42:37.067-0800: 0.140: [GC (Allocation Failure) 2020-10-27T16:42:37.067-0800: 0.140: [DefNew: 139776K->17471K(157248K), 0.0247785 secs] 139776K->44912K(506816K), 0.0248648 secs] [Times: user=0.02 sys=0.01, real=0.03 secs] 
2020-10-27T16:42:37.115-0800: 0.188: [GC (Allocation Failure) 2020-10-27T16:42:37.115-0800: 0.188: [DefNew: 157247K->17469K(157248K), 0.0317820 secs] 184688K->87825K(506816K), 0.0318476 secs] [Times: user=0.02 sys=0.01, real=0.03 secs] 
2020-10-27T16:42:37.166-0800: 0.239: [GC (Allocation Failure) 2020-10-27T16:42:37.166-0800: 0.239: [DefNew: 157245K->17470K(157248K), 0.0265802 secs] 227601K->133408K(506816K), 0.0266425 secs] [Times: user=0.01 sys=0.01, real=0.03 secs] 
2020-10-27T16:42:37.214-0800: 0.287: [GC (Allocation Failure) 2020-10-27T16:42:37.214-0800: 0.287: [DefNew: 157031K->17471K(157248K), 0.0215763 secs] 272970K->171351K(506816K), 0.0216406 secs] [Times: user=0.01 sys=0.01, real=0.02 secs] 
2020-10-27T16:42:37.256-0800: 0.330: [GC (Allocation Failure) 2020-10-27T16:42:37.256-0800: 0.330: [DefNew: 157247K->17471K(157248K), 0.0266579 secs] 311127K->217055K(506816K), 0.0267293 secs] [Times: user=0.02 sys=0.01, real=0.03 secs] 
2020-10-27T16:42:37.299-0800: 0.373: [GC (Allocation Failure) 2020-10-27T16:42:37.299-0800: 0.373: [DefNew: 157247K->17469K(157248K), 0.0275049 secs] 356831K->264230K(506816K), 0.0275768 secs] [Times: user=0.02 sys=0.01, real=0.03 secs] 
2020-10-27T16:42:37.344-0800: 0.418: [GC (Allocation Failure) 2020-10-27T16:42:37.344-0800: 0.418: [DefNew: 157245K->17471K(157248K), 0.0282687 secs] 404006K->313086K(506816K), 0.0283334 secs] [Times: user=0.01 sys=0.01, real=0.03 secs] 
2020-10-27T16:42:37.390-0800: 0.464: [GC (Allocation Failure) 2020-10-27T16:42:37.390-0800: 0.464: [DefNew: 157247K->157247K(157248K), 0.0000159 secs]2020-10-27T16:42:37.390-0800: 0.464: [Tenured: 295614K->269157K(349568K), 0.0350140 secs] 452862K->269157K(506816K), [Metaspace: 2717K->2717K(1056768K)], 0.0351123 secs] [Times: user=0.04 sys=0.00, real=0.03 secs] 
2020-10-27T16:42:37.445-0800: 0.519: [GC (Allocation Failure) 2020-10-27T16:42:37.445-0800: 0.519: [DefNew: 139776K->17467K(157248K), 0.0053473 secs] 408933K->312537K(506816K), 0.0054175 secs] [Times: user=0.00 sys=0.00, real=0.01 secs] 
2020-10-27T16:42:37.471-0800: 0.545: [GC (Allocation Failure) 2020-10-27T16:42:37.471-0800: 0.545: [DefNew: 157207K->17471K(157248K), 0.0294048 secs] 452277K->360241K(506816K), 0.0294782 secs] [Times: user=0.02 sys=0.02, real=0.03 secs] 
2020-10-27T16:42:37.518-0800: 0.591: [GC (Allocation Failure) 2020-10-27T16:42:37.518-0800: 0.591: [DefNew: 157247K->157247K(157248K), 0.0000169 secs]2020-10-27T16:42:37.518-0800: 0.591: [Tenured: 342769K->315805K(349568K), 0.0379979 secs] 500017K->315805K(506816K), [Metaspace: 2717K->2717K(1056768K)], 0.0381043 secs] [Times: user=0.04 sys=0.00, real=0.04 secs] 
2020-10-27T16:42:37.575-0800: 0.648: [GC (Allocation Failure) 2020-10-27T16:42:37.575-0800: 0.648: [DefNew: 139461K->139461K(157248K), 0.0000171 secs]2020-10-27T16:42:37.575-0800: 0.648: [Tenured: 315805K->334545K(349568K), 0.0411533 secs] 455267K->334545K(506816K), [Metaspace: 2717K->2717K(1056768K)], 0.0412576 secs] [Times: user=0.04 sys=0.00, real=0.04 secs] 
2020-10-27T16:42:37.635-0800: 0.709: [GC (Allocation Failure) 2020-10-27T16:42:37.635-0800: 0.709: [DefNew: 139776K->139776K(157248K), 0.0000187 secs]2020-10-27T16:42:37.635-0800: 0.709: [Tenured: 334545K->325184K(349568K), 0.0582044 secs] 474321K->325184K(506816K), [Metaspace: 2717K->2717K(1056768K)], 0.0583124 secs] [Times: user=0.05 sys=0.00, real=0.06 secs] 
2020-10-27T16:42:37.712-0800: 0.786: [GC (Allocation Failure) 2020-10-27T16:42:37.712-0800: 0.786: [DefNew: 139776K->139776K(157248K), 0.0000191 secs]2020-10-27T16:42:37.712-0800: 0.786: [Tenured: 325184K->349491K(349568K), 0.0315677 secs] 464960K->357420K(506816K), [Metaspace: 2717K->2717K(1056768K)], 0.0316880 secs] [Times: user=0.03 sys=0.00, real=0.03 secs] 
2020-10-27T16:42:37.766-0800: 0.839: [Full GC (Allocation Failure) 2020-10-27T16:42:37.766-0800: 0.840: [Tenured: 349491K->349486K(349568K), 0.0390354 secs] 506209K->358665K(506816K), [Metaspace: 2717K->2717K(1056768K)], 0.0391248 secs] [Times: user=0.04 sys=0.00, real=0.04 secs] 
2020-10-27T16:42:37.828-0800: 0.901: [Full GC (Allocation Failure) 2020-10-27T16:42:37.828-0800: 0.901: [Tenured: 349557K->349505K(349568K), 0.0421253 secs] 506770K->365178K(506816K), [Metaspace: 2717K->2717K(1056768K)], 0.0422116 secs] [Times: user=0.05 sys=0.00, real=0.05 secs] 
2020-10-27T16:42:37.897-0800: 0.971: [Full GC (Allocation Failure) 2020-10-27T16:42:37.897-0800: 0.971: [Tenured: 349505K->349548K(349568K), 0.0471987 secs] 506675K->350517K(506816K), [Metaspace: 2717K->2717K(1056768K)], 0.0472880 secs] [Times: user=0.05 sys=0.00, real=0.05 secs] 
2020-10-27T16:42:37.970-0800: 1.043: [Full GC (Allocation Failure) 2020-10-27T16:42:37.970-0800: 1.044: [Tenured: 349548K->349432K(349568K), 0.0355747 secs] 506774K->365004K(506816K), [Metaspace: 2717K->2717K(1056768K)], 0.0360471 secs] [Times: user=0.03 sys=0.00, real=0.03 secs] 
Heap
 def new generation   total 157248K, used 21243K [0x00000007a0000000, 0x00000007aaaa0000, 0x00000007aaaa0000)
  eden space 139776K,  15% used [0x00000007a0000000, 0x00000007a14bee20, 0x00000007a8880000)
  from space 17472K,   0% used [0x00000007a9990000, 0x00000007a9990000, 0x00000007aaaa0000)
  to   space 17472K,   0% used [0x00000007a8880000, 0x00000007a8880000, 0x00000007a9990000)
 tenured generation   total 349568K, used 349432K [0x00000007aaaa0000, 0x00000007c0000000, 0x00000007c0000000)
   the space 349568K,  99% used [0x00000007aaaa0000, 0x00000007bffde090, 0x00000007bffde200, 0x00000007c0000000)
 Metaspace       used 2723K, capacity 4486K, committed 4864K, reserved 1056768K
  class space    used 296K, capacity 386K, committed 512K, reserved 1048576K
